Command line invocation:
    /Applications/Xcode.app/Contents/Developer/usr/bin/xcodebuild -scheme Taqvo -project Taqvo.xcodeproj -configuration Debug -destination "generic/platform=iOS Simulator" build

ComputePackagePrebuildTargetDependencyGraph

Prepare packages

CreateBuildRequest

SendProjectDescription

CreateBuildOperation

ComputeTargetDependencyGraph
note: Building targets in dependency order
note: Target dependency graph (1 target)
    Target 'Taqvo' in project 'Taqvo' (no dependencies)

GatherProvisioningInputs

CreateBuildDescription

ExecuteExternalTool /Applications/Xcode.app/Contents/Developer/Toolchains/XcodeDefault.xctoolchain/usr/bin/clang -v -E -dM -isysroot /Applications/Xcode.app/Contents/Developer/Platforms/iPhoneSimulator.platform/Developer/SDKs/iPhoneSimulator18.5.sdk -x c -c /dev/null

ExecuteExternalTool /Applications/Xcode.app/Contents/Developer/usr/bin/actool --print-asset-tag-combinations --output-format xml1 /Users/juan_oclock/Documents/ios-mobile/Taqvo/Taqvo/Assets.xcassets

ExecuteExternalTool /Applications/Xcode.app/Contents/Developer/usr/bin/actool --version --output-format xml1

ExecuteExternalTool /Applications/Xcode.app/Contents/Developer/Toolchains/XcodeDefault.xctoolchain/usr/bin/swiftc --version

ExecuteExternalTool /Applications/Xcode.app/Contents/Developer/Toolchains/XcodeDefault.xctoolchain/usr/bin/ld -version_details

Build description signature: 41f3f59a046bb3e1c377b67cfd7ffcf5
Build description path: /Users/juan_oclock/Library/Developer/Xcode/DerivedData/Taqvo-gihbjwmnwhgxlkbjkgsqodhmgome/Build/Intermediates.noindex/XCBuildData/41f3f59a046bb3e1c377b67cfd7ffcf5.xcbuilddata
ClangStatCache /Applications/Xcode.app/Contents/Developer/Toolchains/XcodeDefault.xctoolchain/usr/bin/clang-stat-cache /Applications/Xcode.app/Contents/Developer/Platforms/iPhoneSimulator.platform/Developer/SDKs/iPhoneSimulator18.5.sdk /Users/juan_oclock/Library/Developer/Xcode/DerivedData/SDKStatCaches.noindex/iphonesimulator18.5-22F76-d5fc8ad4295d2ef488fb7d0f804ce0c4.sdkstatcache
    cd /Users/juan_oclock/Documents/ios-mobile/Taqvo/Taqvo.xcodeproj
    /Applications/Xcode.app/Contents/Developer/Toolchains/XcodeDefault.xctoolchain/usr/bin/clang-stat-cache /Applications/Xcode.app/Contents/Developer/Platforms/iPhoneSimulator.platform/Developer/SDKs/iPhoneSimulator18.5.sdk -o /Users/juan_oclock/Library/Developer/Xcode/DerivedData/SDKStatCaches.noindex/iphonesimulator18.5-22F76-d5fc8ad4295d2ef488fb7d0f804ce0c4.sdkstatcache

WriteAuxiliaryFile /Users/juan_oclock/Library/Developer/Xcode/DerivedData/Taqvo-gihbjwmnwhgxlkbjkgsqodhmgome/Build/Intermediates.noindex/Taqvo.build/Debug-iphonesimulator/Taqvo.build/Objects-normal/x86_64/Taqvo.SwiftFileList (in target 'Taqvo' from project 'Taqvo')
    cd /Users/juan_oclock/Documents/ios-mobile/Taqvo
    write-file /Users/juan_oclock/Library/Developer/Xcode/DerivedData/Taqvo-gihbjwmnwhgxlkbjkgsqodhmgome/Build/Intermediates.noindex/Taqvo.build/Debug-iphonesimulator/Taqvo.build/Objects-normal/x86_64/Taqvo.SwiftFileList

WriteAuxiliaryFile /Users/juan_oclock/Library/Developer/Xcode/DerivedData/Taqvo-gihbjwmnwhgxlkbjkgsqodhmgome/Build/Intermediates.noindex/Taqvo.build/Debug-iphonesimulator/Taqvo.build/Objects-normal/arm64/Taqvo.SwiftFileList (in target 'Taqvo' from project 'Taqvo')
    cd /Users/juan_oclock/Documents/ios-mobile/Taqvo
    write-file /Users/juan_oclock/Library/Developer/Xcode/DerivedData/Taqvo-gihbjwmnwhgxlkbjkgsqodhmgome/Build/Intermediates.noindex/Taqvo.build/Debug-iphonesimulator/Taqvo.build/Objects-normal/arm64/Taqvo.SwiftFileList

WriteAuxiliaryFile /Users/juan_oclock/Library/Developer/Xcode/DerivedData/Taqvo-gihbjwmnwhgxlkbjkgsqodhmgome/Build/Intermediates.noindex/Taqvo.build/Debug-iphonesimulator/Taqvo.build/Objects-normal/arm64/Taqvo.SwiftConstValuesFileList (in target 'Taqvo' from project 'Taqvo')
    cd /Users/juan_oclock/Documents/ios-mobile/Taqvo
    write-file /Users/juan_oclock/Library/Developer/Xcode/DerivedData/Taqvo-gihbjwmnwhgxlkbjkgsqodhmgome/Build/Intermediates.noindex/Taqvo.build/Debug-iphonesimulator/Taqvo.build/Objects-normal/arm64/Taqvo.SwiftConstValuesFileList

WriteAuxiliaryFile /Users/juan_oclock/Library/Developer/Xcode/DerivedData/Taqvo-gihbjwmnwhgxlkbjkgsqodhmgome/Build/Intermediates.noindex/Taqvo.build/Debug-iphonesimulator/Taqvo.build/Objects-normal/arm64/Taqvo.LinkFileList (in target 'Taqvo' from project 'Taqvo')
    cd /Users/juan_oclock/Documents/ios-mobile/Taqvo
    write-file /Users/juan_oclock/Library/Developer/Xcode/DerivedData/Taqvo-gihbjwmnwhgxlkbjkgsqodhmgome/Build/Intermediates.noindex/Taqvo.build/Debug-iphonesimulator/Taqvo.build/Objects-normal/arm64/Taqvo.LinkFileList

WriteAuxiliaryFile /Users/juan_oclock/Library/Developer/Xcode/DerivedData/Taqvo-gihbjwmnwhgxlkbjkgsqodhmgome/Build/Intermediates.noindex/Taqvo.build/Debug-iphonesimulator/Taqvo.build/Objects-normal/x86_64/Taqvo.SwiftConstValuesFileList (in target 'Taqvo' from project 'Taqvo')
    cd /Users/juan_oclock/Documents/ios-mobile/Taqvo
    write-file /Users/juan_oclock/Library/Developer/Xcode/DerivedData/Taqvo-gihbjwmnwhgxlkbjkgsqodhmgome/Build/Intermediates.noindex/Taqvo.build/Debug-iphonesimulator/Taqvo.build/Objects-normal/x86_64/Taqvo.SwiftConstValuesFileList

WriteAuxiliaryFile /Users/juan_oclock/Library/Developer/Xcode/DerivedData/Taqvo-gihbjwmnwhgxlkbjkgsqodhmgome/Build/Intermediates.noindex/Taqvo.build/Debug-iphonesimulator/Taqvo.build/Objects-normal/x86_64/Taqvo.LinkFileList (in target 'Taqvo' from project 'Taqvo')
    cd /Users/juan_oclock/Documents/ios-mobile/Taqvo
    write-file /Users/juan_oclock/Library/Developer/Xcode/DerivedData/Taqvo-gihbjwmnwhgxlkbjkgsqodhmgome/Build/Intermediates.noindex/Taqvo.build/Debug-iphonesimulator/Taqvo.build/Objects-normal/x86_64/Taqvo.LinkFileList

ProcessInfoPlistFile /Users/juan_oclock/Library/Developer/Xcode/DerivedData/Taqvo-gihbjwmnwhgxlkbjkgsqodhmgome/Build/Products/Debug-iphonesimulator/Taqvo.app/Info.plist /Users/juan_oclock/Documents/ios-mobile/Taqvo/Taqvo/Info.plist (in target 'Taqvo' from project 'Taqvo')
    cd /Users/juan_oclock/Documents/ios-mobile/Taqvo
    builtin-infoPlistUtility /Users/juan_oclock/Documents/ios-mobile/Taqvo/Taqvo/Info.plist -producttype com.apple.product-type.application -genpkginfo /Users/juan_oclock/Library/Developer/Xcode/DerivedData/Taqvo-gihbjwmnwhgxlkbjkgsqodhmgome/Build/Products/Debug-iphonesimulator/Taqvo.app/PkgInfo -expandbuildsettings -format binary -platform iphonesimulator -additionalcontentfile /Users/juan_oclock/Library/Developer/Xcode/DerivedData/Taqvo-gihbjwmnwhgxlkbjkgsqodhmgome/Build/Intermediates.noindex/Taqvo.build/Debug-iphonesimulator/Taqvo.build/assetcatalog_generated_info.plist -o /Users/juan_oclock/Library/Developer/Xcode/DerivedData/Taqvo-gihbjwmnwhgxlkbjkgsqodhmgome/Build/Products/Debug-iphonesimulator/Taqvo.app/Info.plist

SwiftDriver Taqvo normal x86_64 com.apple.xcode.tools.swift.compiler (in target 'Taqvo' from project 'Taqvo')
    cd /Users/juan_oclock/Documents/ios-mobile/Taqvo
    builtin-SwiftDriver -- /Applications/Xcode.app/Contents/Developer/Toolchains/XcodeDefault.xctoolchain/usr/bin/swiftc -module-name Taqvo -Onone -enforce-exclusivity\=checked @/Users/juan_oclock/Library/Developer/Xcode/DerivedData/Taqvo-gihbjwmnwhgxlkbjkgsqodhmgome/Build/Intermediates.noindex/Taqvo.build/Debug-iphonesimulator/Taqvo.build/Objects-normal/x86_64/Taqvo.SwiftFileList -DDEBUG -enable-bare-slash-regex -enable-experimental-feature DebugDescriptionMacro -sdk /Applications/Xcode.app/Contents/Developer/Platforms/iPhoneSimulator.platform/Developer/SDKs/iPhoneSimulator18.5.sdk -target x86_64-apple-ios18.5-simulator -g -module-cache-path /Users/juan_oclock/Library/Developer/Xcode/DerivedData/ModuleCache.noindex -Xfrontend -serialize-debugging-options -profile-coverage-mapping -profile-generate -enable-testing -index-store-path /Users/juan_oclock/Library/Developer/Xcode/DerivedData/Taqvo-gihbjwmnwhgxlkbjkgsqodhmgome/Index.noindex/DataStore -swift-version 5 -I /Users/juan_oclock/Library/Developer/Xcode/DerivedData/Taqvo-gihbjwmnwhgxlkbjkgsqodhmgome/Build/Products/Debug-iphonesimulator -F /Users/juan_oclock/Library/Developer/Xcode/DerivedData/Taqvo-gihbjwmnwhgxlkbjkgsqodhmgome/Build/Products/Debug-iphonesimulator -emit-localized-strings -emit-localized-strings-path /Users/juan_oclock/Library/Developer/Xcode/DerivedData/Taqvo-gihbjwmnwhgxlkbjkgsqodhmgome/Build/Intermediates.noindex/Taqvo.build/Debug-iphonesimulator/Taqvo.build/Objects-normal/x86_64 -c -j10 -enable-batch-mode -incremental -Xcc -ivfsstatcache -Xcc /Users/juan_oclock/Library/Developer/Xcode/DerivedData/SDKStatCaches.noindex/iphonesimulator18.5-22F76-d5fc8ad4295d2ef488fb7d0f804ce0c4.sdkstatcache -output-file-map /Users/juan_oclock/Library/Developer/Xcode/DerivedData/Taqvo-gihbjwmnwhgxlkbjkgsqodhmgome/Build/Intermediates.noindex/Taqvo.build/Debug-iphonesimulator/Taqvo.build/Objects-normal/x86_64/Taqvo-OutputFileMap.json -use-frontend-parseable-output -save-temps -no-color-diagnostics -serialize-diagnostics -emit-dependencies -emit-module -emit-module-path /Users/juan_oclock/Library/Developer/Xcode/DerivedData/Taqvo-gihbjwmnwhgxlkbjkgsqodhmgome/Build/Intermediates.noindex/Taqvo.build/Debug-iphonesimulator/Taqvo.build/Objects-normal/x86_64/Taqvo.swiftmodule -validate-clang-modules-once -clang-build-session-file /Users/juan_oclock/Library/Developer/Xcode/DerivedData/ModuleCache.noindex/Session.modulevalidation -Xcc -I/Users/juan_oclock/Library/Developer/Xcode/DerivedData/Taqvo-gihbjwmnwhgxlkbjkgsqodhmgome/Build/Intermediates.noindex/Taqvo.build/Debug-iphonesimulator/Taqvo.build/swift-overrides.hmap -emit-const-values -Xfrontend -const-gather-protocols-file -Xfrontend /Users/juan_oclock/Library/Developer/Xcode/DerivedData/Taqvo-gihbjwmnwhgxlkbjkgsqodhmgome/Build/Intermediates.noindex/Taqvo.build/Debug-iphonesimulator/Taqvo.build/Objects-normal/x86_64/Taqvo_const_extract_protocols.json -Xcc -iquote -Xcc /Users/juan_oclock/Library/Developer/Xcode/DerivedData/Taqvo-gihbjwmnwhgxlkbjkgsqodhmgome/Build/Intermediates.noindex/Taqvo.build/Debug-iphonesimulator/Taqvo.build/Taqvo-generated-files.hmap -Xcc -I/Users/juan_oclock/Library/Developer/Xcode/DerivedData/Taqvo-gihbjwmnwhgxlkbjkgsqodhmgome/Build/Intermediates.noindex/Taqvo.build/Debug-iphonesimulator/Taqvo.build/Taqvo-own-target-headers.hmap -Xcc -I/Users/juan_oclock/Library/Developer/Xcode/DerivedData/Taqvo-gihbjwmnwhgxlkbjkgsqodhmgome/Build/Intermediates.noindex/Taqvo.build/Debug-iphonesimulator/Taqvo.build/Taqvo-all-target-headers.hmap -Xcc -iquote -Xcc /Users/juan_oclock/Library/Developer/Xcode/DerivedData/Taqvo-gihbjwmnwhgxlkbjkgsqodhmgome/Build/Intermediates.noindex/Taqvo.build/Debug-iphonesimulator/Taqvo.build/Taqvo-project-headers.hmap -Xcc -I/Users/juan_oclock/Library/Developer/Xcode/DerivedData/Taqvo-gihbjwmnwhgxlkbjkgsqodhmgome/Build/Products/Debug-iphonesimulator/include -Xcc -I/Users/juan_oclock/Library/Developer/Xcode/DerivedData/Taqvo-gihbjwmnwhgxlkbjkgsqodhmgome/Build/Intermediates.noindex/Taqvo.build/Debug-iphonesimulator/Taqvo.build/DerivedSources-normal/x86_64 -Xcc -I/Users/juan_oclock/Library/Developer/Xcode/DerivedData/Taqvo-gihbjwmnwhgxlkbjkgsqodhmgome/Build/Intermediates.noindex/Taqvo.build/Debug-iphonesimulator/Taqvo.build/DerivedSources/x86_64 -Xcc -I/Users/juan_oclock/Library/Developer/Xcode/DerivedData/Taqvo-gihbjwmnwhgxlkbjkgsqodhmgome/Build/Intermediates.noindex/Taqvo.build/Debug-iphonesimulator/Taqvo.build/DerivedSources -Xcc -DDEBUG\=1 -emit-objc-header -emit-objc-header-path /Users/juan_oclock/Library/Developer/Xcode/DerivedData/Taqvo-gihbjwmnwhgxlkbjkgsqodhmgome/Build/Intermediates.noindex/Taqvo.build/Debug-iphonesimulator/Taqvo.build/Objects-normal/x86_64/Taqvo-Swift.h -working-directory /Users/juan_oclock/Documents/ios-mobile/Taqvo -experimental-emit-module-separately -disable-cmo

SwiftDriver Taqvo normal arm64 com.apple.xcode.tools.swift.compiler (in target 'Taqvo' from project 'Taqvo')
    cd /Users/juan_oclock/Documents/ios-mobile/Taqvo
    builtin-SwiftDriver -- /Applications/Xcode.app/Contents/Developer/Toolchains/XcodeDefault.xctoolchain/usr/bin/swiftc -module-name Taqvo -Onone -enforce-exclusivity\=checked @/Users/juan_oclock/Library/Developer/Xcode/DerivedData/Taqvo-gihbjwmnwhgxlkbjkgsqodhmgome/Build/Intermediates.noindex/Taqvo.build/Debug-iphonesimulator/Taqvo.build/Objects-normal/arm64/Taqvo.SwiftFileList -DDEBUG -enable-bare-slash-regex -enable-experimental-feature DebugDescriptionMacro -sdk /Applications/Xcode.app/Contents/Developer/Platforms/iPhoneSimulator.platform/Developer/SDKs/iPhoneSimulator18.5.sdk -target arm64-apple-ios18.5-simulator -g -module-cache-path /Users/juan_oclock/Library/Developer/Xcode/DerivedData/ModuleCache.noindex -Xfrontend -serialize-debugging-options -profile-coverage-mapping -profile-generate -enable-testing -index-store-path /Users/juan_oclock/Library/Developer/Xcode/DerivedData/Taqvo-gihbjwmnwhgxlkbjkgsqodhmgome/Index.noindex/DataStore -swift-version 5 -I /Users/juan_oclock/Library/Developer/Xcode/DerivedData/Taqvo-gihbjwmnwhgxlkbjkgsqodhmgome/Build/Products/Debug-iphonesimulator -F /Users/juan_oclock/Library/Developer/Xcode/DerivedData/Taqvo-gihbjwmnwhgxlkbjkgsqodhmgome/Build/Products/Debug-iphonesimulator -emit-localized-strings -emit-localized-strings-path /Users/juan_oclock/Library/Developer/Xcode/DerivedData/Taqvo-gihbjwmnwhgxlkbjkgsqodhmgome/Build/Intermediates.noindex/Taqvo.build/Debug-iphonesimulator/Taqvo.build/Objects-normal/arm64 -c -j10 -enable-batch-mode -incremental -Xcc -ivfsstatcache -Xcc /Users/juan_oclock/Library/Developer/Xcode/DerivedData/SDKStatCaches.noindex/iphonesimulator18.5-22F76-d5fc8ad4295d2ef488fb7d0f804ce0c4.sdkstatcache -output-file-map /Users/juan_oclock/Library/Developer/Xcode/DerivedData/Taqvo-gihbjwmnwhgxlkbjkgsqodhmgome/Build/Intermediates.noindex/Taqvo.build/Debug-iphonesimulator/Taqvo.build/Objects-normal/arm64/Taqvo-OutputFileMap.json -use-frontend-parseable-output -save-temps -no-color-diagnostics -serialize-diagnostics -emit-dependencies -emit-module -emit-module-path /Users/juan_oclock/Library/Developer/Xcode/DerivedData/Taqvo-gihbjwmnwhgxlkbjkgsqodhmgome/Build/Intermediates.noindex/Taqvo.build/Debug-iphonesimulator/Taqvo.build/Objects-normal/arm64/Taqvo.swiftmodule -validate-clang-modules-once -clang-build-session-file /Users/juan_oclock/Library/Developer/Xcode/DerivedData/ModuleCache.noindex/Session.modulevalidation -Xcc -I/Users/juan_oclock/Library/Developer/Xcode/DerivedData/Taqvo-gihbjwmnwhgxlkbjkgsqodhmgome/Build/Intermediates.noindex/Taqvo.build/Debug-iphonesimulator/Taqvo.build/swift-overrides.hmap -emit-const-values -Xfrontend -const-gather-protocols-file -Xfrontend /Users/juan_oclock/Library/Developer/Xcode/DerivedData/Taqvo-gihbjwmnwhgxlkbjkgsqodhmgome/Build/Intermediates.noindex/Taqvo.build/Debug-iphonesimulator/Taqvo.build/Objects-normal/arm64/Taqvo_const_extract_protocols.json -Xcc -iquote -Xcc /Users/juan_oclock/Library/Developer/Xcode/DerivedData/Taqvo-gihbjwmnwhgxlkbjkgsqodhmgome/Build/Intermediates.noindex/Taqvo.build/Debug-iphonesimulator/Taqvo.build/Taqvo-generated-files.hmap -Xcc -I/Users/juan_oclock/Library/Developer/Xcode/DerivedData/Taqvo-gihbjwmnwhgxlkbjkgsqodhmgome/Build/Intermediates.noindex/Taqvo.build/Debug-iphonesimulator/Taqvo.build/Taqvo-own-target-headers.hmap -Xcc -I/Users/juan_oclock/Library/Developer/Xcode/DerivedData/Taqvo-gihbjwmnwhgxlkbjkgsqodhmgome/Build/Intermediates.noindex/Taqvo.build/Debug-iphonesimulator/Taqvo.build/Taqvo-all-target-headers.hmap -Xcc -iquote -Xcc /Users/juan_oclock/Library/Developer/Xcode/DerivedData/Taqvo-gihbjwmnwhgxlkbjkgsqodhmgome/Build/Intermediates.noindex/Taqvo.build/Debug-iphonesimulator/Taqvo.build/Taqvo-project-headers.hmap -Xcc -I/Users/juan_oclock/Library/Developer/Xcode/DerivedData/Taqvo-gihbjwmnwhgxlkbjkgsqodhmgome/Build/Products/Debug-iphonesimulator/include -Xcc -I/Users/juan_oclock/Library/Developer/Xcode/DerivedData/Taqvo-gihbjwmnwhgxlkbjkgsqodhmgome/Build/Intermediates.noindex/Taqvo.build/Debug-iphonesimulator/Taqvo.build/DerivedSources-normal/arm64 -Xcc -I/Users/juan_oclock/Library/Developer/Xcode/DerivedData/Taqvo-gihbjwmnwhgxlkbjkgsqodhmgome/Build/Intermediates.noindex/Taqvo.build/Debug-iphonesimulator/Taqvo.build/DerivedSources/arm64 -Xcc -I/Users/juan_oclock/Library/Developer/Xcode/DerivedData/Taqvo-gihbjwmnwhgxlkbjkgsqodhmgome/Build/Intermediates.noindex/Taqvo.build/Debug-iphonesimulator/Taqvo.build/DerivedSources -Xcc -DDEBUG\=1 -emit-objc-header -emit-objc-header-path /Users/juan_oclock/Library/Developer/Xcode/DerivedData/Taqvo-gihbjwmnwhgxlkbjkgsqodhmgome/Build/Intermediates.noindex/Taqvo.build/Debug-iphonesimulator/Taqvo.build/Objects-normal/arm64/Taqvo-Swift.h -working-directory /Users/juan_oclock/Documents/ios-mobile/Taqvo -experimental-emit-module-separately -disable-cmo

SwiftEmitModule normal arm64 Emitting\ module\ for\ Taqvo (in target 'Taqvo' from project 'Taqvo')

EmitSwiftModule normal arm64 (in target 'Taqvo' from project 'Taqvo')
    cd /Users/juan_oclock/Documents/ios-mobile/Taqvo
    

SwiftCompile normal arm64 Compiling\ CommunityDataSource.swift /Users/juan_oclock/Documents/ios-mobile/Taqvo/Taqvo/Community/CommunityDataSource.swift (in target 'Taqvo' from project 'Taqvo')

SwiftCompile normal arm64 /Users/juan_oclock/Documents/ios-mobile/Taqvo/Taqvo/Community/CommunityDataSource.swift (in target 'Taqvo' from project 'Taqvo')
    cd /Users/juan_oclock/Documents/ios-mobile/Taqvo
    

SwiftCompile normal arm64 Compiling\ LiveActivityView.swift /Users/juan_oclock/Documents/ios-mobile/Taqvo/Taqvo/LiveActivityView.swift (in target 'Taqvo' from project 'Taqvo')
SwiftCompile normal arm64 /Users/juan_oclock/Documents/ios-mobile/Taqvo/Taqvo/LiveActivityView.swift (in target 'Taqvo' from project 'Taqvo')
    cd /Users/juan_oclock/Documents/ios-mobile/Taqvo
    

SwiftCompile normal x86_64 Compiling\ MainTabView.swift /Users/juan_oclock/Documents/ios-mobile/Taqvo/Taqvo/MainTabView.swift (in target 'Taqvo' from project 'Taqvo')
SwiftCompile normal x86_64 /Users/juan_oclock/Documents/ios-mobile/Taqvo/Taqvo/MainTabView.swift (in target 'Taqvo' from project 'Taqvo')
    cd /Users/juan_oclock/Documents/ios-mobile/Taqvo
    

SwiftEmitModule normal x86_64 Emitting\ module\ for\ Taqvo (in target 'Taqvo' from project 'Taqvo')

EmitSwiftModule normal x86_64 (in target 'Taqvo' from project 'Taqvo')
    cd /Users/juan_oclock/Documents/ios-mobile/Taqvo
    

SwiftCompile normal x86_64 Compiling\ LiveActivityView.swift /Users/juan_oclock/Documents/ios-mobile/Taqvo/Taqvo/LiveActivityView.swift (in target 'Taqvo' from project 'Taqvo')

SwiftCompile normal x86_64 /Users/juan_oclock/Documents/ios-mobile/Taqvo/Taqvo/LiveActivityView.swift (in target 'Taqvo' from project 'Taqvo')
    cd /Users/juan_oclock/Documents/ios-mobile/Taqvo
    

SwiftCompile normal arm64 Compiling\ MainTabView.swift /Users/juan_oclock/Documents/ios-mobile/Taqvo/Taqvo/MainTabView.swift (in target 'Taqvo' from project 'Taqvo')

SwiftCompile normal arm64 /Users/juan_oclock/Documents/ios-mobile/Taqvo/Taqvo/MainTabView.swift (in target 'Taqvo' from project 'Taqvo')
    cd /Users/juan_oclock/Documents/ios-mobile/Taqvo
    

SwiftCompile normal x86_64 Compiling\ CommunityDataSource.swift /Users/juan_oclock/Documents/ios-mobile/Taqvo/Taqvo/Community/CommunityDataSource.swift (in target 'Taqvo' from project 'Taqvo')

SwiftCompile normal x86_64 /Users/juan_oclock/Documents/ios-mobile/Taqvo/Taqvo/Community/CommunityDataSource.swift (in target 'Taqvo' from project 'Taqvo')
    cd /Users/juan_oclock/Documents/ios-mobile/Taqvo
    

SwiftDriverJobDiscovery normal arm64 Compiling CommunityDataSource.swift (in target 'Taqvo' from project 'Taqvo')

SwiftCompile normal arm64 Compiling\ TaqvoApp.swift /Users/juan_oclock/Documents/ios-mobile/Taqvo/Taqvo/TaqvoApp.swift (in target 'Taqvo' from project 'Taqvo')

SwiftCompile normal arm64 /Users/juan_oclock/Documents/ios-mobile/Taqvo/Taqvo/TaqvoApp.swift (in target 'Taqvo' from project 'Taqvo')
    cd /Users/juan_oclock/Documents/ios-mobile/Taqvo
    

SwiftCompile normal arm64 Compiling\ ChallengeDetailView.swift /Users/juan_oclock/Documents/ios-mobile/Taqvo/Taqvo/Community/ChallengeDetailView.swift (in target 'Taqvo' from project 'Taqvo')

SwiftCompile normal arm64 /Users/juan_oclock/Documents/ios-mobile/Taqvo/Taqvo/Community/ChallengeDetailView.swift (in target 'Taqvo' from project 'Taqvo')
    cd /Users/juan_oclock/Documents/ios-mobile/Taqvo
    

SwiftCompile normal arm64 Compiling\ CommunityViewModel.swift /Users/juan_oclock/Documents/ios-mobile/Taqvo/Taqvo/Community/CommunityViewModel.swift (in target 'Taqvo' from project 'Taqvo')

SwiftCompile normal arm64 /Users/juan_oclock/Documents/ios-mobile/Taqvo/Taqvo/Community/CommunityViewModel.swift (in target 'Taqvo' from project 'Taqvo')
    cd /Users/juan_oclock/Documents/ios-mobile/Taqvo
    

SwiftCompile normal arm64 Compiling\ SupabaseCommunityDataSource.swift /Users/juan_oclock/Documents/ios-mobile/Taqvo/Taqvo/Community/SupabaseCommunityDataSource.swift (in target 'Taqvo' from project 'Taqvo')

SwiftCompile normal arm64 /Users/juan_oclock/Documents/ios-mobile/Taqvo/Taqvo/Community/SupabaseCommunityDataSource.swift (in target 'Taqvo' from project 'Taqvo')
    cd /Users/juan_oclock/Documents/ios-mobile/Taqvo
    

SwiftDriverJobDiscovery normal x86_64 Compiling CommunityDataSource.swift (in target 'Taqvo' from project 'Taqvo')

SwiftCompile normal x86_64 Compiling\ SupabaseCommunityDataSource.swift /Users/juan_oclock/Documents/ios-mobile/Taqvo/Taqvo/Community/SupabaseCommunityDataSource.swift (in target 'Taqvo' from project 'Taqvo')

SwiftCompile normal x86_64 /Users/juan_oclock/Documents/ios-mobile/Taqvo/Taqvo/Community/SupabaseCommunityDataSource.swift (in target 'Taqvo' from project 'Taqvo')
    cd /Users/juan_oclock/Documents/ios-mobile/Taqvo
    

SwiftDriverJobDiscovery normal arm64 Compiling TaqvoApp.swift (in target 'Taqvo' from project 'Taqvo')

SwiftCompile normal x86_64 Compiling\ ChallengeDetailView.swift /Users/juan_oclock/Documents/ios-mobile/Taqvo/Taqvo/Community/ChallengeDetailView.swift (in target 'Taqvo' from project 'Taqvo')

SwiftCompile normal x86_64 /Users/juan_oclock/Documents/ios-mobile/Taqvo/Taqvo/Community/ChallengeDetailView.swift (in target 'Taqvo' from project 'Taqvo')
    cd /Users/juan_oclock/Documents/ios-mobile/Taqvo
    

SwiftDriverJobDiscovery normal x86_64 Emitting module for Taqvo (in target 'Taqvo' from project 'Taqvo')

SwiftDriver\ Compilation\ Requirements Taqvo normal x86_64 com.apple.xcode.tools.swift.compiler (in target 'Taqvo' from project 'Taqvo')
    cd /Users/juan_oclock/Documents/ios-mobile/Taqvo
    builtin-Swift-Compilation-Requirements -- /Applications/Xcode.app/Contents/Developer/Toolchains/XcodeDefault.xctoolchain/usr/bin/swiftc -module-name Taqvo -Onone -enforce-exclusivity\=checked @/Users/juan_oclock/Library/Developer/Xcode/DerivedData/Taqvo-gihbjwmnwhgxlkbjkgsqodhmgome/Build/Intermediates.noindex/Taqvo.build/Debug-iphonesimulator/Taqvo.build/Objects-normal/x86_64/Taqvo.SwiftFileList -DDEBUG -enable-bare-slash-regex -enable-experimental-feature DebugDescriptionMacro -sdk /Applications/Xcode.app/Contents/Developer/Platforms/iPhoneSimulator.platform/Developer/SDKs/iPhoneSimulator18.5.sdk -target x86_64-apple-ios18.5-simulator -g -module-cache-path /Users/juan_oclock/Library/Developer/Xcode/DerivedData/ModuleCache.noindex -Xfrontend -serialize-debugging-options -profile-coverage-mapping -profile-generate -enable-testing -index-store-path /Users/juan_oclock/Library/Developer/Xcode/DerivedData/Taqvo-gihbjwmnwhgxlkbjkgsqodhmgome/Index.noindex/DataStore -swift-version 5 -I /Users/juan_oclock/Library/Developer/Xcode/DerivedData/Taqvo-gihbjwmnwhgxlkbjkgsqodhmgome/Build/Products/Debug-iphonesimulator -F /Users/juan_oclock/Library/Developer/Xcode/DerivedData/Taqvo-gihbjwmnwhgxlkbjkgsqodhmgome/Build/Products/Debug-iphonesimulator -emit-localized-strings -emit-localized-strings-path /Users/juan_oclock/Library/Developer/Xcode/DerivedData/Taqvo-gihbjwmnwhgxlkbjkgsqodhmgome/Build/Intermediates.noindex/Taqvo.build/Debug-iphonesimulator/Taqvo.build/Objects-normal/x86_64 -c -j10 -enable-batch-mode -incremental -Xcc -ivfsstatcache -Xcc /Users/juan_oclock/Library/Developer/Xcode/DerivedData/SDKStatCaches.noindex/iphonesimulator18.5-22F76-d5fc8ad4295d2ef488fb7d0f804ce0c4.sdkstatcache -output-file-map /Users/juan_oclock/Library/Developer/Xcode/DerivedData/Taqvo-gihbjwmnwhgxlkbjkgsqodhmgome/Build/Intermediates.noindex/Taqvo.build/Debug-iphonesimulator/Taqvo.build/Objects-normal/x86_64/Taqvo-OutputFileMap.json -use-frontend-parseable-output -save-temps -no-color-diagnostics -serialize-diagnostics -emit-dependencies -emit-module -emit-module-path /Users/juan_oclock/Library/Developer/Xcode/DerivedData/Taqvo-gihbjwmnwhgxlkbjkgsqodhmgome/Build/Intermediates.noindex/Taqvo.build/Debug-iphonesimulator/Taqvo.build/Objects-normal/x86_64/Taqvo.swiftmodule -validate-clang-modules-once -clang-build-session-file /Users/juan_oclock/Library/Developer/Xcode/DerivedData/ModuleCache.noindex/Session.modulevalidation -Xcc -I/Users/juan_oclock/Library/Developer/Xcode/DerivedData/Taqvo-gihbjwmnwhgxlkbjkgsqodhmgome/Build/Intermediates.noindex/Taqvo.build/Debug-iphonesimulator/Taqvo.build/swift-overrides.hmap -emit-const-values -Xfrontend -const-gather-protocols-file -Xfrontend /Users/juan_oclock/Library/Developer/Xcode/DerivedData/Taqvo-gihbjwmnwhgxlkbjkgsqodhmgome/Build/Intermediates.noindex/Taqvo.build/Debug-iphonesimulator/Taqvo.build/Objects-normal/x86_64/Taqvo_const_extract_protocols.json -Xcc -iquote -Xcc /Users/juan_oclock/Library/Developer/Xcode/DerivedData/Taqvo-gihbjwmnwhgxlkbjkgsqodhmgome/Build/Intermediates.noindex/Taqvo.build/Debug-iphonesimulator/Taqvo.build/Taqvo-generated-files.hmap -Xcc -I/Users/juan_oclock/Library/Developer/Xcode/DerivedData/Taqvo-gihbjwmnwhgxlkbjkgsqodhmgome/Build/Intermediates.noindex/Taqvo.build/Debug-iphonesimulator/Taqvo.build/Taqvo-own-target-headers.hmap -Xcc -I/Users/juan_oclock/Library/Developer/Xcode/DerivedData/Taqvo-gihbjwmnwhgxlkbjkgsqodhmgome/Build/Intermediates.noindex/Taqvo.build/Debug-iphonesimulator/Taqvo.build/Taqvo-all-target-headers.hmap -Xcc -iquote -Xcc /Users/juan_oclock/Library/Developer/Xcode/DerivedData/Taqvo-gihbjwmnwhgxlkbjkgsqodhmgome/Build/Intermediates.noindex/Taqvo.build/Debug-iphonesimulator/Taqvo.build/Taqvo-project-headers.hmap -Xcc -I/Users/juan_oclock/Library/Developer/Xcode/DerivedData/Taqvo-gihbjwmnwhgxlkbjkgsqodhmgome/Build/Products/Debug-iphonesimulator/include -Xcc -I/Users/juan_oclock/Library/Developer/Xcode/DerivedData/Taqvo-gihbjwmnwhgxlkbjkgsqodhmgome/Build/Intermediates.noindex/Taqvo.build/Debug-iphonesimulator/Taqvo.build/DerivedSources-normal/x86_64 -Xcc -I/Users/juan_oclock/Library/Developer/Xcode/DerivedData/Taqvo-gihbjwmnwhgxlkbjkgsqodhmgome/Build/Intermediates.noindex/Taqvo.build/Debug-iphonesimulator/Taqvo.build/DerivedSources/x86_64 -Xcc -I/Users/juan_oclock/Library/Developer/Xcode/DerivedData/Taqvo-gihbjwmnwhgxlkbjkgsqodhmgome/Build/Intermediates.noindex/Taqvo.build/Debug-iphonesimulator/Taqvo.build/DerivedSources -Xcc -DDEBUG\=1 -emit-objc-header -emit-objc-header-path /Users/juan_oclock/Library/Developer/Xcode/DerivedData/Taqvo-gihbjwmnwhgxlkbjkgsqodhmgome/Build/Intermediates.noindex/Taqvo.build/Debug-iphonesimulator/Taqvo.build/Objects-normal/x86_64/Taqvo-Swift.h -working-directory /Users/juan_oclock/Documents/ios-mobile/Taqvo -experimental-emit-module-separately -disable-cmo

SwiftDriverJobDiscovery normal arm64 Emitting module for Taqvo (in target 'Taqvo' from project 'Taqvo')

SwiftDriver\ Compilation\ Requirements Taqvo normal arm64 com.apple.xcode.tools.swift.compiler (in target 'Taqvo' from project 'Taqvo')
    cd /Users/juan_oclock/Documents/ios-mobile/Taqvo
    builtin-Swift-Compilation-Requirements -- /Applications/Xcode.app/Contents/Developer/Toolchains/XcodeDefault.xctoolchain/usr/bin/swiftc -module-name Taqvo -Onone -enforce-exclusivity\=checked @/Users/juan_oclock/Library/Developer/Xcode/DerivedData/Taqvo-gihbjwmnwhgxlkbjkgsqodhmgome/Build/Intermediates.noindex/Taqvo.build/Debug-iphonesimulator/Taqvo.build/Objects-normal/arm64/Taqvo.SwiftFileList -DDEBUG -enable-bare-slash-regex -enable-experimental-feature DebugDescriptionMacro -sdk /Applications/Xcode.app/Contents/Developer/Platforms/iPhoneSimulator.platform/Developer/SDKs/iPhoneSimulator18.5.sdk -target arm64-apple-ios18.5-simulator -g -module-cache-path /Users/juan_oclock/Library/Developer/Xcode/DerivedData/ModuleCache.noindex -Xfrontend -serialize-debugging-options -profile-coverage-mapping -profile-generate -enable-testing -index-store-path /Users/juan_oclock/Library/Developer/Xcode/DerivedData/Taqvo-gihbjwmnwhgxlkbjkgsqodhmgome/Index.noindex/DataStore -swift-version 5 -I /Users/juan_oclock/Library/Developer/Xcode/DerivedData/Taqvo-gihbjwmnwhgxlkbjkgsqodhmgome/Build/Products/Debug-iphonesimulator -F /Users/juan_oclock/Library/Developer/Xcode/DerivedData/Taqvo-gihbjwmnwhgxlkbjkgsqodhmgome/Build/Products/Debug-iphonesimulator -emit-localized-strings -emit-localized-strings-path /Users/juan_oclock/Library/Developer/Xcode/DerivedData/Taqvo-gihbjwmnwhgxlkbjkgsqodhmgome/Build/Intermediates.noindex/Taqvo.build/Debug-iphonesimulator/Taqvo.build/Objects-normal/arm64 -c -j10 -enable-batch-mode -incremental -Xcc -ivfsstatcache -Xcc /Users/juan_oclock/Library/Developer/Xcode/DerivedData/SDKStatCaches.noindex/iphonesimulator18.5-22F76-d5fc8ad4295d2ef488fb7d0f804ce0c4.sdkstatcache -output-file-map /Users/juan_oclock/Library/Developer/Xcode/DerivedData/Taqvo-gihbjwmnwhgxlkbjkgsqodhmgome/Build/Intermediates.noindex/Taqvo.build/Debug-iphonesimulator/Taqvo.build/Objects-normal/arm64/Taqvo-OutputFileMap.json -use-frontend-parseable-output -save-temps -no-color-diagnostics -serialize-diagnostics -emit-dependencies -emit-module -emit-module-path /Users/juan_oclock/Library/Developer/Xcode/DerivedData/Taqvo-gihbjwmnwhgxlkbjkgsqodhmgome/Build/Intermediates.noindex/Taqvo.build/Debug-iphonesimulator/Taqvo.build/Objects-normal/arm64/Taqvo.swiftmodule -validate-clang-modules-once -clang-build-session-file /Users/juan_oclock/Library/Developer/Xcode/DerivedData/ModuleCache.noindex/Session.modulevalidation -Xcc -I/Users/juan_oclock/Library/Developer/Xcode/DerivedData/Taqvo-gihbjwmnwhgxlkbjkgsqodhmgome/Build/Intermediates.noindex/Taqvo.build/Debug-iphonesimulator/Taqvo.build/swift-overrides.hmap -emit-const-values -Xfrontend -const-gather-protocols-file -Xfrontend /Users/juan_oclock/Library/Developer/Xcode/DerivedData/Taqvo-gihbjwmnwhgxlkbjkgsqodhmgome/Build/Intermediates.noindex/Taqvo.build/Debug-iphonesimulator/Taqvo.build/Objects-normal/arm64/Taqvo_const_extract_protocols.json -Xcc -iquote -Xcc /Users/juan_oclock/Library/Developer/Xcode/DerivedData/Taqvo-gihbjwmnwhgxlkbjkgsqodhmgome/Build/Intermediates.noindex/Taqvo.build/Debug-iphonesimulator/Taqvo.build/Taqvo-generated-files.hmap -Xcc -I/Users/juan_oclock/Library/Developer/Xcode/DerivedData/Taqvo-gihbjwmnwhgxlkbjkgsqodhmgome/Build/Intermediates.noindex/Taqvo.build/Debug-iphonesimulator/Taqvo.build/Taqvo-own-target-headers.hmap -Xcc -I/Users/juan_oclock/Library/Developer/Xcode/DerivedData/Taqvo-gihbjwmnwhgxlkbjkgsqodhmgome/Build/Intermediates.noindex/Taqvo.build/Debug-iphonesimulator/Taqvo.build/Taqvo-all-target-headers.hmap -Xcc -iquote -Xcc /Users/juan_oclock/Library/Developer/Xcode/DerivedData/Taqvo-gihbjwmnwhgxlkbjkgsqodhmgome/Build/Intermediates.noindex/Taqvo.build/Debug-iphonesimulator/Taqvo.build/Taqvo-project-headers.hmap -Xcc -I/Users/juan_oclock/Library/Developer/Xcode/DerivedData/Taqvo-gihbjwmnwhgxlkbjkgsqodhmgome/Build/Products/Debug-iphonesimulator/include -Xcc -I/Users/juan_oclock/Library/Developer/Xcode/DerivedData/Taqvo-gihbjwmnwhgxlkbjkgsqodhmgome/Build/Intermediates.noindex/Taqvo.build/Debug-iphonesimulator/Taqvo.build/DerivedSources-normal/arm64 -Xcc -I/Users/juan_oclock/Library/Developer/Xcode/DerivedData/Taqvo-gihbjwmnwhgxlkbjkgsqodhmgome/Build/Intermediates.noindex/Taqvo.build/Debug-iphonesimulator/Taqvo.build/DerivedSources/arm64 -Xcc -I/Users/juan_oclock/Library/Developer/Xcode/DerivedData/Taqvo-gihbjwmnwhgxlkbjkgsqodhmgome/Build/Intermediates.noindex/Taqvo.build/Debug-iphonesimulator/Taqvo.build/DerivedSources -Xcc -DDEBUG\=1 -emit-objc-header -emit-objc-header-path /Users/juan_oclock/Library/Developer/Xcode/DerivedData/Taqvo-gihbjwmnwhgxlkbjkgsqodhmgome/Build/Intermediates.noindex/Taqvo.build/Debug-iphonesimulator/Taqvo.build/Objects-normal/arm64/Taqvo-Swift.h -working-directory /Users/juan_oclock/Documents/ios-mobile/Taqvo -experimental-emit-module-separately -disable-cmo

SwiftCompile normal x86_64 Compiling\ CommunityViewModel.swift /Users/juan_oclock/Documents/ios-mobile/Taqvo/Taqvo/Community/CommunityViewModel.swift (in target 'Taqvo' from project 'Taqvo')

SwiftCompile normal x86_64 /Users/juan_oclock/Documents/ios-mobile/Taqvo/Taqvo/Community/CommunityViewModel.swift (in target 'Taqvo' from project 'Taqvo')
    cd /Users/juan_oclock/Documents/ios-mobile/Taqvo
    

Copy /Users/juan_oclock/Library/Developer/Xcode/DerivedData/Taqvo-gihbjwmnwhgxlkbjkgsqodhmgome/Build/Products/Debug-iphonesimulator/Taqvo.swiftmodule/x86_64-apple-ios-simulator.swiftmodule /Users/juan_oclock/Library/Developer/Xcode/DerivedData/Taqvo-gihbjwmnwhgxlkbjkgsqodhmgome/Build/Intermediates.noindex/Taqvo.build/Debug-iphonesimulator/Taqvo.build/Objects-normal/x86_64/Taqvo.swiftmodule (in target 'Taqvo' from project 'Taqvo')
    cd /Users/juan_oclock/Documents/ios-mobile/Taqvo
    builtin-copy -exclude .DS_Store -exclude CVS -exclude .svn -exclude .git -exclude .hg -resolve-src-symlinks -rename /Users/juan_oclock/Library/Developer/Xcode/DerivedData/Taqvo-gihbjwmnwhgxlkbjkgsqodhmgome/Build/Intermediates.noindex/Taqvo.build/Debug-iphonesimulator/Taqvo.build/Objects-normal/x86_64/Taqvo.swiftmodule /Users/juan_oclock/Library/Developer/Xcode/DerivedData/Taqvo-gihbjwmnwhgxlkbjkgsqodhmgome/Build/Products/Debug-iphonesimulator/Taqvo.swiftmodule/x86_64-apple-ios-simulator.swiftmodule

SwiftDriverJobDiscovery normal arm64 Compiling CommunityViewModel.swift (in target 'Taqvo' from project 'Taqvo')

Copy /Users/juan_oclock/Library/Developer/Xcode/DerivedData/Taqvo-gihbjwmnwhgxlkbjkgsqodhmgome/Build/Products/Debug-iphonesimulator/Taqvo.swiftmodule/x86_64-apple-ios-simulator.abi.json /Users/juan_oclock/Library/Developer/Xcode/DerivedData/Taqvo-gihbjwmnwhgxlkbjkgsqodhmgome/Build/Intermediates.noindex/Taqvo.build/Debug-iphonesimulator/Taqvo.build/Objects-normal/x86_64/Taqvo.abi.json (in target 'Taqvo' from project 'Taqvo')
    cd /Users/juan_oclock/Documents/ios-mobile/Taqvo
    builtin-copy -exclude .DS_Store -exclude CVS -exclude .svn -exclude .git -exclude .hg -resolve-src-symlinks -rename /Users/juan_oclock/Library/Developer/Xcode/DerivedData/Taqvo-gihbjwmnwhgxlkbjkgsqodhmgome/Build/Intermediates.noindex/Taqvo.build/Debug-iphonesimulator/Taqvo.build/Objects-normal/x86_64/Taqvo.abi.json /Users/juan_oclock/Library/Developer/Xcode/DerivedData/Taqvo-gihbjwmnwhgxlkbjkgsqodhmgome/Build/Products/Debug-iphonesimulator/Taqvo.swiftmodule/x86_64-apple-ios-simulator.abi.json

Copy /Users/juan_oclock/Library/Developer/Xcode/DerivedData/Taqvo-gihbjwmnwhgxlkbjkgsqodhmgome/Build/Products/Debug-iphonesimulator/Taqvo.swiftmodule/arm64-apple-ios-simulator.swiftmodule /Users/juan_oclock/Library/Developer/Xcode/DerivedData/Taqvo-gihbjwmnwhgxlkbjkgsqodhmgome/Build/Intermediates.noindex/Taqvo.build/Debug-iphonesimulator/Taqvo.build/Objects-normal/arm64/Taqvo.swiftmodule (in target 'Taqvo' from project 'Taqvo')
    cd /Users/juan_oclock/Documents/ios-mobile/Taqvo
    builtin-copy -exclude .DS_Store -exclude CVS -exclude .svn -exclude .git -exclude .hg -resolve-src-symlinks -rename /Users/juan_oclock/Library/Developer/Xcode/DerivedData/Taqvo-gihbjwmnwhgxlkbjkgsqodhmgome/Build/Intermediates.noindex/Taqvo.build/Debug-iphonesimulator/Taqvo.build/Objects-normal/arm64/Taqvo.swiftmodule /Users/juan_oclock/Library/Developer/Xcode/DerivedData/Taqvo-gihbjwmnwhgxlkbjkgsqodhmgome/Build/Products/Debug-iphonesimulator/Taqvo.swiftmodule/arm64-apple-ios-simulator.swiftmodule

Copy /Users/juan_oclock/Library/Developer/Xcode/DerivedData/Taqvo-gihbjwmnwhgxlkbjkgsqodhmgome/Build/Products/Debug-iphonesimulator/Taqvo.swiftmodule/arm64-apple-ios-simulator.abi.json /Users/juan_oclock/Library/Developer/Xcode/DerivedData/Taqvo-gihbjwmnwhgxlkbjkgsqodhmgome/Build/Intermediates.noindex/Taqvo.build/Debug-iphonesimulator/Taqvo.build/Objects-normal/arm64/Taqvo.abi.json (in target 'Taqvo' from project 'Taqvo')
    cd /Users/juan_oclock/Documents/ios-mobile/Taqvo
    builtin-copy -exclude .DS_Store -exclude CVS -exclude .svn -exclude .git -exclude .hg -resolve-src-symlinks -rename /Users/juan_oclock/Library/Developer/Xcode/DerivedData/Taqvo-gihbjwmnwhgxlkbjkgsqodhmgome/Build/Intermediates.noindex/Taqvo.build/Debug-iphonesimulator/Taqvo.build/Objects-normal/arm64/Taqvo.abi.json /Users/juan_oclock/Library/Developer/Xcode/DerivedData/Taqvo-gihbjwmnwhgxlkbjkgsqodhmgome/Build/Products/Debug-iphonesimulator/Taqvo.swiftmodule/arm64-apple-ios-simulator.abi.json

Copy /Users/juan_oclock/Library/Developer/Xcode/DerivedData/Taqvo-gihbjwmnwhgxlkbjkgsqodhmgome/Build/Products/Debug-iphonesimulator/Taqvo.swiftmodule/Project/x86_64-apple-ios-simulator.swiftsourceinfo /Users/juan_oclock/Library/Developer/Xcode/DerivedData/Taqvo-gihbjwmnwhgxlkbjkgsqodhmgome/Build/Intermediates.noindex/Taqvo.build/Debug-iphonesimulator/Taqvo.build/Objects-normal/x86_64/Taqvo.swiftsourceinfo (in target 'Taqvo' from project 'Taqvo')
    cd /Users/juan_oclock/Documents/ios-mobile/Taqvo
    builtin-copy -exclude .DS_Store -exclude CVS -exclude .svn -exclude .git -exclude .hg -resolve-src-symlinks -rename /Users/juan_oclock/Library/Developer/Xcode/DerivedData/Taqvo-gihbjwmnwhgxlkbjkgsqodhmgome/Build/Intermediates.noindex/Taqvo.build/Debug-iphonesimulator/Taqvo.build/Objects-normal/x86_64/Taqvo.swiftsourceinfo /Users/juan_oclock/Library/Developer/Xcode/DerivedData/Taqvo-gihbjwmnwhgxlkbjkgsqodhmgome/Build/Products/Debug-iphonesimulator/Taqvo.swiftmodule/Project/x86_64-apple-ios-simulator.swiftsourceinfo

Copy /Users/juan_oclock/Library/Developer/Xcode/DerivedData/Taqvo-gihbjwmnwhgxlkbjkgsqodhmgome/Build/Products/Debug-iphonesimulator/Taqvo.swiftmodule/Project/arm64-apple-ios-simulator.swiftsourceinfo /Users/juan_oclock/Library/Developer/Xcode/DerivedData/Taqvo-gihbjwmnwhgxlkbjkgsqodhmgome/Build/Intermediates.noindex/Taqvo.build/Debug-iphonesimulator/Taqvo.build/Objects-normal/arm64/Taqvo.swiftsourceinfo (in target 'Taqvo' from project 'Taqvo')
    cd /Users/juan_oclock/Documents/ios-mobile/Taqvo
    builtin-copy -exclude .DS_Store -exclude CVS -exclude .svn -exclude .git -exclude .hg -resolve-src-symlinks -rename /Users/juan_oclock/Library/Developer/Xcode/DerivedData/Taqvo-gihbjwmnwhgxlkbjkgsqodhmgome/Build/Intermediates.noindex/Taqvo.build/Debug-iphonesimulator/Taqvo.build/Objects-normal/arm64/Taqvo.swiftsourceinfo /Users/juan_oclock/Library/Developer/Xcode/DerivedData/Taqvo-gihbjwmnwhgxlkbjkgsqodhmgome/Build/Products/Debug-iphonesimulator/Taqvo.swiftmodule/Project/arm64-apple-ios-simulator.swiftsourceinfo

SwiftCompile normal x86_64 Compiling\ TaqvoApp.swift /Users/juan_oclock/Documents/ios-mobile/Taqvo/Taqvo/TaqvoApp.swift (in target 'Taqvo' from project 'Taqvo')

SwiftCompile normal x86_64 /Users/juan_oclock/Documents/ios-mobile/Taqvo/Taqvo/TaqvoApp.swift (in target 'Taqvo' from project 'Taqvo')
    cd /Users/juan_oclock/Documents/ios-mobile/Taqvo
    

SwiftDriverJobDiscovery normal x86_64 Compiling LiveActivityView.swift (in target 'Taqvo' from project 'Taqvo')

SwiftCompile normal x86_64 Compiling\ PostRunSummaryView.swift /Users/juan_oclock/Documents/ios-mobile/Taqvo/Taqvo/PostRunSummaryView.swift (in target 'Taqvo' from project 'Taqvo')

SwiftCompile normal x86_64 /Users/juan_oclock/Documents/ios-mobile/Taqvo/Taqvo/PostRunSummaryView.swift (in target 'Taqvo' from project 'Taqvo')
    cd /Users/juan_oclock/Documents/ios-mobile/Taqvo
    

SwiftCompile normal x86_64 Compiling\ CommentsView.swift /Users/juan_oclock/Documents/ios-mobile/Taqvo/Taqvo/CommentsView.swift (in target 'Taqvo' from project 'Taqvo')

SwiftCompile normal x86_64 /Users/juan_oclock/Documents/ios-mobile/Taqvo/Taqvo/CommentsView.swift (in target 'Taqvo' from project 'Taqvo')
    cd /Users/juan_oclock/Documents/ios-mobile/Taqvo
    

SwiftDriverJobDiscovery normal arm64 Compiling LiveActivityView.swift (in target 'Taqvo' from project 'Taqvo')

SwiftCompile normal arm64 Compiling\ ContentView.swift /Users/juan_oclock/Documents/ios-mobile/Taqvo/Taqvo/ContentView.swift (in target 'Taqvo' from project 'Taqvo')

SwiftCompile normal arm64 /Users/juan_oclock/Documents/ios-mobile/Taqvo/Taqvo/ContentView.swift (in target 'Taqvo' from project 'Taqvo')
    cd /Users/juan_oclock/Documents/ios-mobile/Taqvo
    

SwiftDriverJobDiscovery normal arm64 Compiling SupabaseCommunityDataSource.swift (in target 'Taqvo' from project 'Taqvo')

SwiftCompile normal arm64 Compiling\ CommentsView.swift /Users/juan_oclock/Documents/ios-mobile/Taqvo/Taqvo/CommentsView.swift (in target 'Taqvo' from project 'Taqvo')

SwiftCompile normal arm64 /Users/juan_oclock/Documents/ios-mobile/Taqvo/Taqvo/CommentsView.swift (in target 'Taqvo' from project 'Taqvo')
    cd /Users/juan_oclock/Documents/ios-mobile/Taqvo
    

SwiftDriverJobDiscovery normal arm64 Compiling ChallengeDetailView.swift (in target 'Taqvo' from project 'Taqvo')

SwiftCompile normal arm64 Compiling\ PostRunSummaryView.swift /Users/juan_oclock/Documents/ios-mobile/Taqvo/Taqvo/PostRunSummaryView.swift (in target 'Taqvo' from project 'Taqvo')

SwiftCompile normal arm64 /Users/juan_oclock/Documents/ios-mobile/Taqvo/Taqvo/PostRunSummaryView.swift (in target 'Taqvo' from project 'Taqvo')
    cd /Users/juan_oclock/Documents/ios-mobile/Taqvo
    

SwiftDriverJobDiscovery normal x86_64 Compiling TaqvoApp.swift (in target 'Taqvo' from project 'Taqvo')

SwiftCompile normal arm64 Compiling\ OnboardingView.swift /Users/juan_oclock/Documents/ios-mobile/Taqvo/Taqvo/OnboardingView.swift (in target 'Taqvo' from project 'Taqvo')

SwiftCompile normal arm64 /Users/juan_oclock/Documents/ios-mobile/Taqvo/Taqvo/OnboardingView.swift (in target 'Taqvo' from project 'Taqvo')
    cd /Users/juan_oclock/Documents/ios-mobile/Taqvo
    

SwiftCompile normal arm64 Compiling\ RootView.swift /Users/juan_oclock/Documents/ios-mobile/Taqvo/Taqvo/RootView.swift (in target 'Taqvo' from project 'Taqvo')

SwiftCompile normal arm64 /Users/juan_oclock/Documents/ios-mobile/Taqvo/Taqvo/RootView.swift (in target 'Taqvo' from project 'Taqvo')
    cd /Users/juan_oclock/Documents/ios-mobile/Taqvo
    

SwiftDriverJobDiscovery normal x86_64 Compiling SupabaseCommunityDataSource.swift (in target 'Taqvo' from project 'Taqvo')

SwiftDriverJobDiscovery normal x86_64 Compiling CommunityViewModel.swift (in target 'Taqvo' from project 'Taqvo')

SwiftCompile normal x86_64 Compiling\ ContentView.swift /Users/juan_oclock/Documents/ios-mobile/Taqvo/Taqvo/ContentView.swift (in target 'Taqvo' from project 'Taqvo')

SwiftCompile normal x86_64 /Users/juan_oclock/Documents/ios-mobile/Taqvo/Taqvo/ContentView.swift (in target 'Taqvo' from project 'Taqvo')
    cd /Users/juan_oclock/Documents/ios-mobile/Taqvo
    

SwiftDriverJobDiscovery normal arm64 Compiling ContentView.swift (in target 'Taqvo' from project 'Taqvo')

SwiftCompile normal x86_64 Compiling\ RootView.swift /Users/juan_oclock/Documents/ios-mobile/Taqvo/Taqvo/RootView.swift (in target 'Taqvo' from project 'Taqvo')

SwiftCompile normal x86_64 /Users/juan_oclock/Documents/ios-mobile/Taqvo/Taqvo/RootView.swift (in target 'Taqvo' from project 'Taqvo')
    cd /Users/juan_oclock/Documents/ios-mobile/Taqvo
    

SwiftDriverJobDiscovery normal x86_64 Compiling CommentsView.swift (in target 'Taqvo' from project 'Taqvo')

SwiftCompile normal x86_64 Compiling\ OnboardingView.swift /Users/juan_oclock/Documents/ios-mobile/Taqvo/Taqvo/OnboardingView.swift (in target 'Taqvo' from project 'Taqvo')

SwiftCompile normal x86_64 /Users/juan_oclock/Documents/ios-mobile/Taqvo/Taqvo/OnboardingView.swift (in target 'Taqvo' from project 'Taqvo')
    cd /Users/juan_oclock/Documents/ios-mobile/Taqvo
    

SwiftDriverJobDiscovery normal x86_64 Compiling ChallengeDetailView.swift (in target 'Taqvo' from project 'Taqvo')

SwiftDriverJobDiscovery normal arm64 Compiling CommentsView.swift (in target 'Taqvo' from project 'Taqvo')

SwiftDriverJobDiscovery normal arm64 Compiling RootView.swift (in target 'Taqvo' from project 'Taqvo')

SwiftDriverJobDiscovery normal x86_64 Compiling ContentView.swift (in target 'Taqvo' from project 'Taqvo')

SwiftDriverJobDiscovery normal x86_64 Compiling RootView.swift (in target 'Taqvo' from project 'Taqvo')

SwiftDriverJobDiscovery normal arm64 Compiling OnboardingView.swift (in target 'Taqvo' from project 'Taqvo')

SwiftDriverJobDiscovery normal x86_64 Compiling OnboardingView.swift (in target 'Taqvo' from project 'Taqvo')

SwiftDriverJobDiscovery normal x86_64 Compiling PostRunSummaryView.swift (in target 'Taqvo' from project 'Taqvo')

SwiftDriverJobDiscovery normal arm64 Compiling PostRunSummaryView.swift (in target 'Taqvo' from project 'Taqvo')

SwiftDriverJobDiscovery normal arm64 Compiling MainTabView.swift (in target 'Taqvo' from project 'Taqvo')

SwiftDriver\ Compilation Taqvo normal arm64 com.apple.xcode.tools.swift.compiler (in target 'Taqvo' from project 'Taqvo')
    cd /Users/juan_oclock/Documents/ios-mobile/Taqvo
    builtin-Swift-Compilation -- /Applications/Xcode.app/Contents/Developer/Toolchains/XcodeDefault.xctoolchain/usr/bin/swiftc -module-name Taqvo -Onone -enforce-exclusivity\=checked @/Users/juan_oclock/Library/Developer/Xcode/DerivedData/Taqvo-gihbjwmnwhgxlkbjkgsqodhmgome/Build/Intermediates.noindex/Taqvo.build/Debug-iphonesimulator/Taqvo.build/Objects-normal/arm64/Taqvo.SwiftFileList -DDEBUG -enable-bare-slash-regex -enable-experimental-feature DebugDescriptionMacro -sdk /Applications/Xcode.app/Contents/Developer/Platforms/iPhoneSimulator.platform/Developer/SDKs/iPhoneSimulator18.5.sdk -target arm64-apple-ios18.5-simulator -g -module-cache-path /Users/juan_oclock/Library/Developer/Xcode/DerivedData/ModuleCache.noindex -Xfrontend -serialize-debugging-options -profile-coverage-mapping -profile-generate -enable-testing -index-store-path /Users/juan_oclock/Library/Developer/Xcode/DerivedData/Taqvo-gihbjwmnwhgxlkbjkgsqodhmgome/Index.noindex/DataStore -swift-version 5 -I /Users/juan_oclock/Library/Developer/Xcode/DerivedData/Taqvo-gihbjwmnwhgxlkbjkgsqodhmgome/Build/Products/Debug-iphonesimulator -F /Users/juan_oclock/Library/Developer/Xcode/DerivedData/Taqvo-gihbjwmnwhgxlkbjkgsqodhmgome/Build/Products/Debug-iphonesimulator -emit-localized-strings -emit-localized-strings-path /Users/juan_oclock/Library/Developer/Xcode/DerivedData/Taqvo-gihbjwmnwhgxlkbjkgsqodhmgome/Build/Intermediates.noindex/Taqvo.build/Debug-iphonesimulator/Taqvo.build/Objects-normal/arm64 -c -j10 -enable-batch-mode -incremental -Xcc -ivfsstatcache -Xcc /Users/juan_oclock/Library/Developer/Xcode/DerivedData/SDKStatCaches.noindex/iphonesimulator18.5-22F76-d5fc8ad4295d2ef488fb7d0f804ce0c4.sdkstatcache -output-file-map /Users/juan_oclock/Library/Developer/Xcode/DerivedData/Taqvo-gihbjwmnwhgxlkbjkgsqodhmgome/Build/Intermediates.noindex/Taqvo.build/Debug-iphonesimulator/Taqvo.build/Objects-normal/arm64/Taqvo-OutputFileMap.json -use-frontend-parseable-output -save-temps -no-color-diagnostics -serialize-diagnostics -emit-dependencies -emit-module -emit-module-path /Users/juan_oclock/Library/Developer/Xcode/DerivedData/Taqvo-gihbjwmnwhgxlkbjkgsqodhmgome/Build/Intermediates.noindex/Taqvo.build/Debug-iphonesimulator/Taqvo.build/Objects-normal/arm64/Taqvo.swiftmodule -validate-clang-modules-once -clang-build-session-file /Users/juan_oclock/Library/Developer/Xcode/DerivedData/ModuleCache.noindex/Session.modulevalidation -Xcc -I/Users/juan_oclock/Library/Developer/Xcode/DerivedData/Taqvo-gihbjwmnwhgxlkbjkgsqodhmgome/Build/Intermediates.noindex/Taqvo.build/Debug-iphonesimulator/Taqvo.build/swift-overrides.hmap -emit-const-values -Xfrontend -const-gather-protocols-file -Xfrontend /Users/juan_oclock/Library/Developer/Xcode/DerivedData/Taqvo-gihbjwmnwhgxlkbjkgsqodhmgome/Build/Intermediates.noindex/Taqvo.build/Debug-iphonesimulator/Taqvo.build/Objects-normal/arm64/Taqvo_const_extract_protocols.json -Xcc -iquote -Xcc /Users/juan_oclock/Library/Developer/Xcode/DerivedData/Taqvo-gihbjwmnwhgxlkbjkgsqodhmgome/Build/Intermediates.noindex/Taqvo.build/Debug-iphonesimulator/Taqvo.build/Taqvo-generated-files.hmap -Xcc -I/Users/juan_oclock/Library/Developer/Xcode/DerivedData/Taqvo-gihbjwmnwhgxlkbjkgsqodhmgome/Build/Intermediates.noindex/Taqvo.build/Debug-iphonesimulator/Taqvo.build/Taqvo-own-target-headers.hmap -Xcc -I/Users/juan_oclock/Library/Developer/Xcode/DerivedData/Taqvo-gihbjwmnwhgxlkbjkgsqodhmgome/Build/Intermediates.noindex/Taqvo.build/Debug-iphonesimulator/Taqvo.build/Taqvo-all-target-headers.hmap -Xcc -iquote -Xcc /Users/juan_oclock/Library/Developer/Xcode/DerivedData/Taqvo-gihbjwmnwhgxlkbjkgsqodhmgome/Build/Intermediates.noindex/Taqvo.build/Debug-iphonesimulator/Taqvo.build/Taqvo-project-headers.hmap -Xcc -I/Users/juan_oclock/Library/Developer/Xcode/DerivedData/Taqvo-gihbjwmnwhgxlkbjkgsqodhmgome/Build/Products/Debug-iphonesimulator/include -Xcc -I/Users/juan_oclock/Library/Developer/Xcode/DerivedData/Taqvo-gihbjwmnwhgxlkbjkgsqodhmgome/Build/Intermediates.noindex/Taqvo.build/Debug-iphonesimulator/Taqvo.build/DerivedSources-normal/arm64 -Xcc -I/Users/juan_oclock/Library/Developer/Xcode/DerivedData/Taqvo-gihbjwmnwhgxlkbjkgsqodhmgome/Build/Intermediates.noindex/Taqvo.build/Debug-iphonesimulator/Taqvo.build/DerivedSources/arm64 -Xcc -I/Users/juan_oclock/Library/Developer/Xcode/DerivedData/Taqvo-gihbjwmnwhgxlkbjkgsqodhmgome/Build/Intermediates.noindex/Taqvo.build/Debug-iphonesimulator/Taqvo.build/DerivedSources -Xcc -DDEBUG\=1 -emit-objc-header -emit-objc-header-path /Users/juan_oclock/Library/Developer/Xcode/DerivedData/Taqvo-gihbjwmnwhgxlkbjkgsqodhmgome/Build/Intermediates.noindex/Taqvo.build/Debug-iphonesimulator/Taqvo.build/Objects-normal/arm64/Taqvo-Swift.h -working-directory /Users/juan_oclock/Documents/ios-mobile/Taqvo -experimental-emit-module-separately -disable-cmo

Ld /Users/juan_oclock/Library/Developer/Xcode/DerivedData/Taqvo-gihbjwmnwhgxlkbjkgsqodhmgome/Build/Intermediates.noindex/Taqvo.build/Debug-iphonesimulator/Taqvo.build/Objects-normal/arm64/Binary/Taqvo.debug.dylib normal arm64 (in target 'Taqvo' from project 'Taqvo')
    cd /Users/juan_oclock/Documents/ios-mobile/Taqvo
    /Applications/Xcode.app/Contents/Developer/Toolchains/XcodeDefault.xctoolchain/usr/bin/clang -Xlinker -reproducible -target arm64-apple-ios18.5-simulator -dynamiclib -isysroot /Applications/Xcode.app/Contents/Developer/Platforms/iPhoneSimulator.platform/Developer/SDKs/iPhoneSimulator18.5.sdk -O0 -L/Users/juan_oclock/Library/Developer/Xcode/DerivedData/Taqvo-gihbjwmnwhgxlkbjkgsqodhmgome/Build/Intermediates.noindex/EagerLinkingTBDs/Debug-iphonesimulator -L/Users/juan_oclock/Library/Developer/Xcode/DerivedData/Taqvo-gihbjwmnwhgxlkbjkgsqodhmgome/Build/Products/Debug-iphonesimulator -F/Users/juan_oclock/Library/Developer/Xcode/DerivedData/Taqvo-gihbjwmnwhgxlkbjkgsqodhmgome/Build/Intermediates.noindex/EagerLinkingTBDs/Debug-iphonesimulator -F/Users/juan_oclock/Library/Developer/Xcode/DerivedData/Taqvo-gihbjwmnwhgxlkbjkgsqodhmgome/Build/Products/Debug-iphonesimulator -filelist /Users/juan_oclock/Library/Developer/Xcode/DerivedData/Taqvo-gihbjwmnwhgxlkbjkgsqodhmgome/Build/Intermediates.noindex/Taqvo.build/Debug-iphonesimulator/Taqvo.build/Objects-normal/arm64/Taqvo.LinkFileList -install_name @rpath/Taqvo.debug.dylib -Xlinker -rpath -Xlinker @executable_path/Frameworks -dead_strip -Xlinker -object_path_lto -Xlinker /Users/juan_oclock/Library/Developer/Xcode/DerivedData/Taqvo-gihbjwmnwhgxlkbjkgsqodhmgome/Build/Intermediates.noindex/Taqvo.build/Debug-iphonesimulator/Taqvo.build/Objects-normal/arm64/Taqvo_lto.o -rdynamic -Xlinker -no_deduplicate -Xlinker -objc_abi_version -Xlinker 2 -Xlinker -debug_variant -Xlinker -dependency_info -Xlinker /Users/juan_oclock/Library/Developer/Xcode/DerivedData/Taqvo-gihbjwmnwhgxlkbjkgsqodhmgome/Build/Intermediates.noindex/Taqvo.build/Debug-iphonesimulator/Taqvo.build/Objects-normal/arm64/Taqvo_dependency_info.dat -fobjc-link-runtime -fprofile-instr-generate -L/Applications/Xcode.app/Contents/Developer/Toolchains/XcodeDefault.xctoolchain/usr/lib/swift/iphonesimulator -L/usr/lib/swift -Xlinker -add_ast_path -Xlinker /Users/juan_oclock/Library/Developer/Xcode/DerivedData/Taqvo-gihbjwmnwhgxlkbjkgsqodhmgome/Build/Intermediates.noindex/Taqvo.build/Debug-iphonesimulator/Taqvo.build/Objects-normal/arm64/Taqvo.swiftmodule -Xlinker -alias -Xlinker _main -Xlinker ___debug_main_executable_dylib_entry_point -Xlinker -no_adhoc_codesign -o /Users/juan_oclock/Library/Developer/Xcode/DerivedData/Taqvo-gihbjwmnwhgxlkbjkgsqodhmgome/Build/Intermediates.noindex/Taqvo.build/Debug-iphonesimulator/Taqvo.build/Objects-normal/arm64/Binary/Taqvo.debug.dylib

SwiftDriverJobDiscovery normal x86_64 Compiling MainTabView.swift (in target 'Taqvo' from project 'Taqvo')

SwiftDriver\ Compilation Taqvo normal x86_64 com.apple.xcode.tools.swift.compiler (in target 'Taqvo' from project 'Taqvo')
    cd /Users/juan_oclock/Documents/ios-mobile/Taqvo
    builtin-Swift-Compilation -- /Applications/Xcode.app/Contents/Developer/Toolchains/XcodeDefault.xctoolchain/usr/bin/swiftc -module-name Taqvo -Onone -enforce-exclusivity\=checked @/Users/juan_oclock/Library/Developer/Xcode/DerivedData/Taqvo-gihbjwmnwhgxlkbjkgsqodhmgome/Build/Intermediates.noindex/Taqvo.build/Debug-iphonesimulator/Taqvo.build/Objects-normal/x86_64/Taqvo.SwiftFileList -DDEBUG -enable-bare-slash-regex -enable-experimental-feature DebugDescriptionMacro -sdk /Applications/Xcode.app/Contents/Developer/Platforms/iPhoneSimulator.platform/Developer/SDKs/iPhoneSimulator18.5.sdk -target x86_64-apple-ios18.5-simulator -g -module-cache-path /Users/juan_oclock/Library/Developer/Xcode/DerivedData/ModuleCache.noindex -Xfrontend -serialize-debugging-options -profile-coverage-mapping -profile-generate -enable-testing -index-store-path /Users/juan_oclock/Library/Developer/Xcode/DerivedData/Taqvo-gihbjwmnwhgxlkbjkgsqodhmgome/Index.noindex/DataStore -swift-version 5 -I /Users/juan_oclock/Library/Developer/Xcode/DerivedData/Taqvo-gihbjwmnwhgxlkbjkgsqodhmgome/Build/Products/Debug-iphonesimulator -F /Users/juan_oclock/Library/Developer/Xcode/DerivedData/Taqvo-gihbjwmnwhgxlkbjkgsqodhmgome/Build/Products/Debug-iphonesimulator -emit-localized-strings -emit-localized-strings-path /Users/juan_oclock/Library/Developer/Xcode/DerivedData/Taqvo-gihbjwmnwhgxlkbjkgsqodhmgome/Build/Intermediates.noindex/Taqvo.build/Debug-iphonesimulator/Taqvo.build/Objects-normal/x86_64 -c -j10 -enable-batch-mode -incremental -Xcc -ivfsstatcache -Xcc /Users/juan_oclock/Library/Developer/Xcode/DerivedData/SDKStatCaches.noindex/iphonesimulator18.5-22F76-d5fc8ad4295d2ef488fb7d0f804ce0c4.sdkstatcache -output-file-map /Users/juan_oclock/Library/Developer/Xcode/DerivedData/Taqvo-gihbjwmnwhgxlkbjkgsqodhmgome/Build/Intermediates.noindex/Taqvo.build/Debug-iphonesimulator/Taqvo.build/Objects-normal/x86_64/Taqvo-OutputFileMap.json -use-frontend-parseable-output -save-temps -no-color-diagnostics -serialize-diagnostics -emit-dependencies -emit-module -emit-module-path /Users/juan_oclock/Library/Developer/Xcode/DerivedData/Taqvo-gihbjwmnwhgxlkbjkgsqodhmgome/Build/Intermediates.noindex/Taqvo.build/Debug-iphonesimulator/Taqvo.build/Objects-normal/x86_64/Taqvo.swiftmodule -validate-clang-modules-once -clang-build-session-file /Users/juan_oclock/Library/Developer/Xcode/DerivedData/ModuleCache.noindex/Session.modulevalidation -Xcc -I/Users/juan_oclock/Library/Developer/Xcode/DerivedData/Taqvo-gihbjwmnwhgxlkbjkgsqodhmgome/Build/Intermediates.noindex/Taqvo.build/Debug-iphonesimulator/Taqvo.build/swift-overrides.hmap -emit-const-values -Xfrontend -const-gather-protocols-file -Xfrontend /Users/juan_oclock/Library/Developer/Xcode/DerivedData/Taqvo-gihbjwmnwhgxlkbjkgsqodhmgome/Build/Intermediates.noindex/Taqvo.build/Debug-iphonesimulator/Taqvo.build/Objects-normal/x86_64/Taqvo_const_extract_protocols.json -Xcc -iquote -Xcc /Users/juan_oclock/Library/Developer/Xcode/DerivedData/Taqvo-gihbjwmnwhgxlkbjkgsqodhmgome/Build/Intermediates.noindex/Taqvo.build/Debug-iphonesimulator/Taqvo.build/Taqvo-generated-files.hmap -Xcc -I/Users/juan_oclock/Library/Developer/Xcode/DerivedData/Taqvo-gihbjwmnwhgxlkbjkgsqodhmgome/Build/Intermediates.noindex/Taqvo.build/Debug-iphonesimulator/Taqvo.build/Taqvo-own-target-headers.hmap -Xcc -I/Users/juan_oclock/Library/Developer/Xcode/DerivedData/Taqvo-gihbjwmnwhgxlkbjkgsqodhmgome/Build/Intermediates.noindex/Taqvo.build/Debug-iphonesimulator/Taqvo.build/Taqvo-all-target-headers.hmap -Xcc -iquote -Xcc /Users/juan_oclock/Library/Developer/Xcode/DerivedData/Taqvo-gihbjwmnwhgxlkbjkgsqodhmgome/Build/Intermediates.noindex/Taqvo.build/Debug-iphonesimulator/Taqvo.build/Taqvo-project-headers.hmap -Xcc -I/Users/juan_oclock/Library/Developer/Xcode/DerivedData/Taqvo-gihbjwmnwhgxlkbjkgsqodhmgome/Build/Products/Debug-iphonesimulator/include -Xcc -I/Users/juan_oclock/Library/Developer/Xcode/DerivedData/Taqvo-gihbjwmnwhgxlkbjkgsqodhmgome/Build/Intermediates.noindex/Taqvo.build/Debug-iphonesimulator/Taqvo.build/DerivedSources-normal/x86_64 -Xcc -I/Users/juan_oclock/Library/Developer/Xcode/DerivedData/Taqvo-gihbjwmnwhgxlkbjkgsqodhmgome/Build/Intermediates.noindex/Taqvo.build/Debug-iphonesimulator/Taqvo.build/DerivedSources/x86_64 -Xcc -I/Users/juan_oclock/Library/Developer/Xcode/DerivedData/Taqvo-gihbjwmnwhgxlkbjkgsqodhmgome/Build/Intermediates.noindex/Taqvo.build/Debug-iphonesimulator/Taqvo.build/DerivedSources -Xcc -DDEBUG\=1 -emit-objc-header -emit-objc-header-path /Users/juan_oclock/Library/Developer/Xcode/DerivedData/Taqvo-gihbjwmnwhgxlkbjkgsqodhmgome/Build/Intermediates.noindex/Taqvo.build/Debug-iphonesimulator/Taqvo.build/Objects-normal/x86_64/Taqvo-Swift.h -working-directory /Users/juan_oclock/Documents/ios-mobile/Taqvo -experimental-emit-module-separately -disable-cmo

Ld /Users/juan_oclock/Library/Developer/Xcode/DerivedData/Taqvo-gihbjwmnwhgxlkbjkgsqodhmgome/Build/Intermediates.noindex/Taqvo.build/Debug-iphonesimulator/Taqvo.build/Objects-normal/x86_64/Binary/Taqvo.debug.dylib normal x86_64 (in target 'Taqvo' from project 'Taqvo')
    cd /Users/juan_oclock/Documents/ios-mobile/Taqvo
    /Applications/Xcode.app/Contents/Developer/Toolchains/XcodeDefault.xctoolchain/usr/bin/clang -Xlinker -reproducible -target x86_64-apple-ios18.5-simulator -dynamiclib -isysroot /Applications/Xcode.app/Contents/Developer/Platforms/iPhoneSimulator.platform/Developer/SDKs/iPhoneSimulator18.5.sdk -O0 -L/Users/juan_oclock/Library/Developer/Xcode/DerivedData/Taqvo-gihbjwmnwhgxlkbjkgsqodhmgome/Build/Intermediates.noindex/EagerLinkingTBDs/Debug-iphonesimulator -L/Users/juan_oclock/Library/Developer/Xcode/DerivedData/Taqvo-gihbjwmnwhgxlkbjkgsqodhmgome/Build/Products/Debug-iphonesimulator -F/Users/juan_oclock/Library/Developer/Xcode/DerivedData/Taqvo-gihbjwmnwhgxlkbjkgsqodhmgome/Build/Intermediates.noindex/EagerLinkingTBDs/Debug-iphonesimulator -F/Users/juan_oclock/Library/Developer/Xcode/DerivedData/Taqvo-gihbjwmnwhgxlkbjkgsqodhmgome/Build/Products/Debug-iphonesimulator -filelist /Users/juan_oclock/Library/Developer/Xcode/DerivedData/Taqvo-gihbjwmnwhgxlkbjkgsqodhmgome/Build/Intermediates.noindex/Taqvo.build/Debug-iphonesimulator/Taqvo.build/Objects-normal/x86_64/Taqvo.LinkFileList -install_name @rpath/Taqvo.debug.dylib -Xlinker -rpath -Xlinker @executable_path/Frameworks -dead_strip -Xlinker -object_path_lto -Xlinker /Users/juan_oclock/Library/Developer/Xcode/DerivedData/Taqvo-gihbjwmnwhgxlkbjkgsqodhmgome/Build/Intermediates.noindex/Taqvo.build/Debug-iphonesimulator/Taqvo.build/Objects-normal/x86_64/Taqvo_lto.o -rdynamic -Xlinker -no_deduplicate -Xlinker -objc_abi_version -Xlinker 2 -Xlinker -debug_variant -Xlinker -dependency_info -Xlinker /Users/juan_oclock/Library/Developer/Xcode/DerivedData/Taqvo-gihbjwmnwhgxlkbjkgsqodhmgome/Build/Intermediates.noindex/Taqvo.build/Debug-iphonesimulator/Taqvo.build/Objects-normal/x86_64/Taqvo_dependency_info.dat -fobjc-link-runtime -fprofile-instr-generate -L/Applications/Xcode.app/Contents/Developer/Toolchains/XcodeDefault.xctoolchain/usr/lib/swift/iphonesimulator -L/usr/lib/swift -Xlinker -add_ast_path -Xlinker /Users/juan_oclock/Library/Developer/Xcode/DerivedData/Taqvo-gihbjwmnwhgxlkbjkgsqodhmgome/Build/Intermediates.noindex/Taqvo.build/Debug-iphonesimulator/Taqvo.build/Objects-normal/x86_64/Taqvo.swiftmodule -Xlinker -alias -Xlinker _main -Xlinker ___debug_main_executable_dylib_entry_point -Xlinker -no_adhoc_codesign -o /Users/juan_oclock/Library/Developer/Xcode/DerivedData/Taqvo-gihbjwmnwhgxlkbjkgsqodhmgome/Build/Intermediates.noindex/Taqvo.build/Debug-iphonesimulator/Taqvo.build/Objects-normal/x86_64/Binary/Taqvo.debug.dylib

ConstructStubExecutorLinkFileList /Users/juan_oclock/Library/Developer/Xcode/DerivedData/Taqvo-gihbjwmnwhgxlkbjkgsqodhmgome/Build/Intermediates.noindex/Taqvo.build/Debug-iphonesimulator/Taqvo.build/Taqvo-ExecutorLinkFileList-normal-arm64.txt (in target 'Taqvo' from project 'Taqvo')
    cd /Users/juan_oclock/Documents/ios-mobile/Taqvo
    construct-stub-executor-link-file-list /Users/juan_oclock/Library/Developer/Xcode/DerivedData/Taqvo-gihbjwmnwhgxlkbjkgsqodhmgome/Build/Intermediates.noindex/Taqvo.build/Debug-iphonesimulator/Taqvo.build/Objects-normal/arm64/Binary/Taqvo.debug.dylib /Applications/Xcode.app/Contents/Developer/Platforms/iPhoneSimulator.platform/Developer/usr/lib/libPreviewsJITStubExecutor_no_swift_entry_point.a /Applications/Xcode.app/Contents/Developer/Platforms/iPhoneSimulator.platform/Developer/usr/lib/libPreviewsJITStubExecutor.a --output /Users/juan_oclock/Library/Developer/Xcode/DerivedData/Taqvo-gihbjwmnwhgxlkbjkgsqodhmgome/Build/Intermediates.noindex/Taqvo.build/Debug-iphonesimulator/Taqvo.build/Taqvo-ExecutorLinkFileList-normal-arm64.txt
note: Using stub executor library with Swift entry point. (in target 'Taqvo' from project 'Taqvo')

CreateUniversalBinary /Users/juan_oclock/Library/Developer/Xcode/DerivedData/Taqvo-gihbjwmnwhgxlkbjkgsqodhmgome/Build/Products/Debug-iphonesimulator/Taqvo.app/Taqvo.debug.dylib normal arm64\ x86_64 (in target 'Taqvo' from project 'Taqvo')
    cd /Users/juan_oclock/Documents/ios-mobile/Taqvo
    /Applications/Xcode.app/Contents/Developer/Toolchains/XcodeDefault.xctoolchain/usr/bin/lipo -create /Users/juan_oclock/Library/Developer/Xcode/DerivedData/Taqvo-gihbjwmnwhgxlkbjkgsqodhmgome/Build/Intermediates.noindex/Taqvo.build/Debug-iphonesimulator/Taqvo.build/Objects-normal/arm64/Binary/Taqvo.debug.dylib /Users/juan_oclock/Library/Developer/Xcode/DerivedData/Taqvo-gihbjwmnwhgxlkbjkgsqodhmgome/Build/Intermediates.noindex/Taqvo.build/Debug-iphonesimulator/Taqvo.build/Objects-normal/x86_64/Binary/Taqvo.debug.dylib -output /Users/juan_oclock/Library/Developer/Xcode/DerivedData/Taqvo-gihbjwmnwhgxlkbjkgsqodhmgome/Build/Products/Debug-iphonesimulator/Taqvo.app/Taqvo.debug.dylib

ConstructStubExecutorLinkFileList /Users/juan_oclock/Library/Developer/Xcode/DerivedData/Taqvo-gihbjwmnwhgxlkbjkgsqodhmgome/Build/Intermediates.noindex/Taqvo.build/Debug-iphonesimulator/Taqvo.build/Taqvo-ExecutorLinkFileList-normal-x86_64.txt (in target 'Taqvo' from project 'Taqvo')
    cd /Users/juan_oclock/Documents/ios-mobile/Taqvo
    construct-stub-executor-link-file-list /Users/juan_oclock/Library/Developer/Xcode/DerivedData/Taqvo-gihbjwmnwhgxlkbjkgsqodhmgome/Build/Intermediates.noindex/Taqvo.build/Debug-iphonesimulator/Taqvo.build/Objects-normal/x86_64/Binary/Taqvo.debug.dylib /Applications/Xcode.app/Contents/Developer/Platforms/iPhoneSimulator.platform/Developer/usr/lib/libPreviewsJITStubExecutor_no_swift_entry_point.a /Applications/Xcode.app/Contents/Developer/Platforms/iPhoneSimulator.platform/Developer/usr/lib/libPreviewsJITStubExecutor.a --output /Users/juan_oclock/Library/Developer/Xcode/DerivedData/Taqvo-gihbjwmnwhgxlkbjkgsqodhmgome/Build/Intermediates.noindex/Taqvo.build/Debug-iphonesimulator/Taqvo.build/Taqvo-ExecutorLinkFileList-normal-x86_64.txt
note: Using stub executor library with Swift entry point. (in target 'Taqvo' from project 'Taqvo')

Ld /Users/juan_oclock/Library/Developer/Xcode/DerivedData/Taqvo-gihbjwmnwhgxlkbjkgsqodhmgome/Build/Intermediates.noindex/Taqvo.build/Debug-iphonesimulator/Taqvo.build/Objects-normal/arm64/Binary/Taqvo normal arm64 (in target 'Taqvo' from project 'Taqvo')
    cd /Users/juan_oclock/Documents/ios-mobile/Taqvo
    /Applications/Xcode.app/Contents/Developer/Toolchains/XcodeDefault.xctoolchain/usr/bin/clang -Xlinker -reproducible -target arm64-apple-ios18.5-simulator -isysroot /Applications/Xcode.app/Contents/Developer/Platforms/iPhoneSimulator.platform/Developer/SDKs/iPhoneSimulator18.5.sdk -O0 -L/Users/juan_oclock/Library/Developer/Xcode/DerivedData/Taqvo-gihbjwmnwhgxlkbjkgsqodhmgome/Build/Products/Debug-iphonesimulator -F/Users/juan_oclock/Library/Developer/Xcode/DerivedData/Taqvo-gihbjwmnwhgxlkbjkgsqodhmgome/Build/Products/Debug-iphonesimulator -Xlinker -rpath -Xlinker @executable_path -Xlinker -rpath -Xlinker @executable_path/Frameworks -rdynamic -Xlinker -no_deduplicate -Xlinker -objc_abi_version -Xlinker 2 -Xlinker -debug_variant -e ___debug_blank_executor_main -Xlinker -sectcreate -Xlinker __TEXT -Xlinker __debug_dylib -Xlinker /Users/juan_oclock/Library/Developer/Xcode/DerivedData/Taqvo-gihbjwmnwhgxlkbjkgsqodhmgome/Build/Intermediates.noindex/Taqvo.build/Debug-iphonesimulator/Taqvo.build/Taqvo-DebugDylibPath-normal-arm64.txt -Xlinker -sectcreate -Xlinker __TEXT -Xlinker __debug_instlnm -Xlinker /Users/juan_oclock/Library/Developer/Xcode/DerivedData/Taqvo-gihbjwmnwhgxlkbjkgsqodhmgome/Build/Intermediates.noindex/Taqvo.build/Debug-iphonesimulator/Taqvo.build/Taqvo-DebugDylibInstallName-normal-arm64.txt -Xlinker -filelist -Xlinker /Users/juan_oclock/Library/Developer/Xcode/DerivedData/Taqvo-gihbjwmnwhgxlkbjkgsqodhmgome/Build/Intermediates.noindex/Taqvo.build/Debug-iphonesimulator/Taqvo.build/Taqvo-ExecutorLinkFileList-normal-arm64.txt -Xlinker -sectcreate -Xlinker __TEXT -Xlinker __entitlements -Xlinker /Users/juan_oclock/Library/Developer/Xcode/DerivedData/Taqvo-gihbjwmnwhgxlkbjkgsqodhmgome/Build/Intermediates.noindex/Taqvo.build/Debug-iphonesimulator/Taqvo.build/Taqvo.app-Simulated.xcent -Xlinker -sectcreate -Xlinker __TEXT -Xlinker __ents_der -Xlinker /Users/juan_oclock/Library/Developer/Xcode/DerivedData/Taqvo-gihbjwmnwhgxlkbjkgsqodhmgome/Build/Intermediates.noindex/Taqvo.build/Debug-iphonesimulator/Taqvo.build/Taqvo.app-Simulated.xcent.der /Users/juan_oclock/Library/Developer/Xcode/DerivedData/Taqvo-gihbjwmnwhgxlkbjkgsqodhmgome/Build/Intermediates.noindex/Taqvo.build/Debug-iphonesimulator/Taqvo.build/Objects-normal/arm64/Binary/Taqvo.debug.dylib -Xlinker -no_adhoc_codesign -o /Users/juan_oclock/Library/Developer/Xcode/DerivedData/Taqvo-gihbjwmnwhgxlkbjkgsqodhmgome/Build/Intermediates.noindex/Taqvo.build/Debug-iphonesimulator/Taqvo.build/Objects-normal/arm64/Binary/Taqvo

Ld /Users/juan_oclock/Library/Developer/Xcode/DerivedData/Taqvo-gihbjwmnwhgxlkbjkgsqodhmgome/Build/Intermediates.noindex/Taqvo.build/Debug-iphonesimulator/Taqvo.build/Objects-normal/x86_64/Binary/Taqvo normal x86_64 (in target 'Taqvo' from project 'Taqvo')
    cd /Users/juan_oclock/Documents/ios-mobile/Taqvo
    /Applications/Xcode.app/Contents/Developer/Toolchains/XcodeDefault.xctoolchain/usr/bin/clang -Xlinker -reproducible -target x86_64-apple-ios18.5-simulator -isysroot /Applications/Xcode.app/Contents/Developer/Platforms/iPhoneSimulator.platform/Developer/SDKs/iPhoneSimulator18.5.sdk -O0 -L/Users/juan_oclock/Library/Developer/Xcode/DerivedData/Taqvo-gihbjwmnwhgxlkbjkgsqodhmgome/Build/Products/Debug-iphonesimulator -F/Users/juan_oclock/Library/Developer/Xcode/DerivedData/Taqvo-gihbjwmnwhgxlkbjkgsqodhmgome/Build/Products/Debug-iphonesimulator -Xlinker -rpath -Xlinker @executable_path -Xlinker -rpath -Xlinker @executable_path/Frameworks -rdynamic -Xlinker -no_deduplicate -Xlinker -objc_abi_version -Xlinker 2 -Xlinker -debug_variant -e ___debug_blank_executor_main -Xlinker -sectcreate -Xlinker __TEXT -Xlinker __debug_dylib -Xlinker /Users/juan_oclock/Library/Developer/Xcode/DerivedData/Taqvo-gihbjwmnwhgxlkbjkgsqodhmgome/Build/Intermediates.noindex/Taqvo.build/Debug-iphonesimulator/Taqvo.build/Taqvo-DebugDylibPath-normal-x86_64.txt -Xlinker -sectcreate -Xlinker __TEXT -Xlinker __debug_instlnm -Xlinker /Users/juan_oclock/Library/Developer/Xcode/DerivedData/Taqvo-gihbjwmnwhgxlkbjkgsqodhmgome/Build/Intermediates.noindex/Taqvo.build/Debug-iphonesimulator/Taqvo.build/Taqvo-DebugDylibInstallName-normal-x86_64.txt -Xlinker -filelist -Xlinker /Users/juan_oclock/Library/Developer/Xcode/DerivedData/Taqvo-gihbjwmnwhgxlkbjkgsqodhmgome/Build/Intermediates.noindex/Taqvo.build/Debug-iphonesimulator/Taqvo.build/Taqvo-ExecutorLinkFileList-normal-x86_64.txt -Xlinker -sectcreate -Xlinker __TEXT -Xlinker __entitlements -Xlinker /Users/juan_oclock/Library/Developer/Xcode/DerivedData/Taqvo-gihbjwmnwhgxlkbjkgsqodhmgome/Build/Intermediates.noindex/Taqvo.build/Debug-iphonesimulator/Taqvo.build/Taqvo.app-Simulated.xcent -Xlinker -sectcreate -Xlinker __TEXT -Xlinker __ents_der -Xlinker /Users/juan_oclock/Library/Developer/Xcode/DerivedData/Taqvo-gihbjwmnwhgxlkbjkgsqodhmgome/Build/Intermediates.noindex/Taqvo.build/Debug-iphonesimulator/Taqvo.build/Taqvo.app-Simulated.xcent.der /Users/juan_oclock/Library/Developer/Xcode/DerivedData/Taqvo-gihbjwmnwhgxlkbjkgsqodhmgome/Build/Intermediates.noindex/Taqvo.build/Debug-iphonesimulator/Taqvo.build/Objects-normal/x86_64/Binary/Taqvo.debug.dylib -Xlinker -no_adhoc_codesign -o /Users/juan_oclock/Library/Developer/Xcode/DerivedData/Taqvo-gihbjwmnwhgxlkbjkgsqodhmgome/Build/Intermediates.noindex/Taqvo.build/Debug-iphonesimulator/Taqvo.build/Objects-normal/x86_64/Binary/Taqvo

CreateUniversalBinary /Users/juan_oclock/Library/Developer/Xcode/DerivedData/Taqvo-gihbjwmnwhgxlkbjkgsqodhmgome/Build/Products/Debug-iphonesimulator/Taqvo.app/Taqvo normal arm64\ x86_64 (in target 'Taqvo' from project 'Taqvo')
    cd /Users/juan_oclock/Documents/ios-mobile/Taqvo
    /Applications/Xcode.app/Contents/Developer/Toolchains/XcodeDefault.xctoolchain/usr/bin/lipo -create /Users/juan_oclock/Library/Developer/Xcode/DerivedData/Taqvo-gihbjwmnwhgxlkbjkgsqodhmgome/Build/Intermediates.noindex/Taqvo.build/Debug-iphonesimulator/Taqvo.build/Objects-normal/arm64/Binary/Taqvo /Users/juan_oclock/Library/Developer/Xcode/DerivedData/Taqvo-gihbjwmnwhgxlkbjkgsqodhmgome/Build/Intermediates.noindex/Taqvo.build/Debug-iphonesimulator/Taqvo.build/Objects-normal/x86_64/Binary/Taqvo -output /Users/juan_oclock/Library/Developer/Xcode/DerivedData/Taqvo-gihbjwmnwhgxlkbjkgsqodhmgome/Build/Products/Debug-iphonesimulator/Taqvo.app/Taqvo

ExtractAppIntentsMetadata (in target 'Taqvo' from project 'Taqvo')
    cd /Users/juan_oclock/Documents/ios-mobile/Taqvo
    /Applications/Xcode.app/Contents/Developer/Toolchains/XcodeDefault.xctoolchain/usr/bin/appintentsmetadataprocessor --toolchain-dir /Applications/Xcode.app/Contents/Developer/Toolchains/XcodeDefault.xctoolchain --module-name Taqvo --sdk-root /Applications/Xcode.app/Contents/Developer/Platforms/iPhoneSimulator.platform/Developer/SDKs/iPhoneSimulator18.5.sdk --xcode-version 16F6 --platform-family iOS --deployment-target 18.5 --bundle-identifier com.juan-oclock.taqvo.Taqvo --output /Users/juan_oclock/Library/Developer/Xcode/DerivedData/Taqvo-gihbjwmnwhgxlkbjkgsqodhmgome/Build/Products/Debug-iphonesimulator/Taqvo.app --target-triple arm64-apple-ios18.5-simulator --target-triple x86_64-apple-ios18.5-simulator --binary-file /Users/juan_oclock/Library/Developer/Xcode/DerivedData/Taqvo-gihbjwmnwhgxlkbjkgsqodhmgome/Build/Products/Debug-iphonesimulator/Taqvo.app/Taqvo --dependency-file /Users/juan_oclock/Library/Developer/Xcode/DerivedData/Taqvo-gihbjwmnwhgxlkbjkgsqodhmgome/Build/Intermediates.noindex/Taqvo.build/Debug-iphonesimulator/Taqvo.build/Objects-normal/arm64/Taqvo_dependency_info.dat --dependency-file /Users/juan_oclock/Library/Developer/Xcode/DerivedData/Taqvo-gihbjwmnwhgxlkbjkgsqodhmgome/Build/Intermediates.noindex/Taqvo.build/Debug-iphonesimulator/Taqvo.build/Objects-normal/x86_64/Taqvo_dependency_info.dat --stringsdata-file /Users/juan_oclock/Library/Developer/Xcode/DerivedData/Taqvo-gihbjwmnwhgxlkbjkgsqodhmgome/Build/Intermediates.noindex/Taqvo.build/Debug-iphonesimulator/Taqvo.build/Objects-normal/arm64/ExtractedAppShortcutsMetadata.stringsdata --stringsdata-file /Users/juan_oclock/Library/Developer/Xcode/DerivedData/Taqvo-gihbjwmnwhgxlkbjkgsqodhmgome/Build/Intermediates.noindex/Taqvo.build/Debug-iphonesimulator/Taqvo.build/Objects-normal/x86_64/ExtractedAppShortcutsMetadata.stringsdata --source-file-list /Users/juan_oclock/Library/Developer/Xcode/DerivedData/Taqvo-gihbjwmnwhgxlkbjkgsqodhmgome/Build/Intermediates.noindex/Taqvo.build/Debug-iphonesimulator/Taqvo.build/Objects-normal/arm64/Taqvo.SwiftFileList --source-file-list /Users/juan_oclock/Library/Developer/Xcode/DerivedData/Taqvo-gihbjwmnwhgxlkbjkgsqodhmgome/Build/Intermediates.noindex/Taqvo.build/Debug-iphonesimulator/Taqvo.build/Objects-normal/x86_64/Taqvo.SwiftFileList --metadata-file-list /Users/juan_oclock/Library/Developer/Xcode/DerivedData/Taqvo-gihbjwmnwhgxlkbjkgsqodhmgome/Build/Intermediates.noindex/Taqvo.build/Debug-iphonesimulator/Taqvo.build/Taqvo.DependencyMetadataFileList --static-metadata-file-list /Users/juan_oclock/Library/Developer/Xcode/DerivedData/Taqvo-gihbjwmnwhgxlkbjkgsqodhmgome/Build/Intermediates.noindex/Taqvo.build/Debug-iphonesimulator/Taqvo.build/Taqvo.DependencyStaticMetadataFileList --swift-const-vals-list /Users/juan_oclock/Library/Developer/Xcode/DerivedData/Taqvo-gihbjwmnwhgxlkbjkgsqodhmgome/Build/Intermediates.noindex/Taqvo.build/Debug-iphonesimulator/Taqvo.build/Objects-normal/arm64/Taqvo.SwiftConstValuesFileList --swift-const-vals-list /Users/juan_oclock/Library/Developer/Xcode/DerivedData/Taqvo-gihbjwmnwhgxlkbjkgsqodhmgome/Build/Intermediates.noindex/Taqvo.build/Debug-iphonesimulator/Taqvo.build/Objects-normal/x86_64/Taqvo.SwiftConstValuesFileList --compile-time-extraction --deployment-aware-processing --validate-assistant-intents --no-app-shortcuts-localization
2025-10-18 22:10:23.928 appintentsmetadataprocessor[79978:3447650] Starting appintentsmetadataprocessor export
2025-10-18 22:10:23.930 appintentsmetadataprocessor[79978:3447650] warning: Metadata extraction skipped. No AppIntents.framework dependency found.

CopySwiftLibs /Users/juan_oclock/Library/Developer/Xcode/DerivedData/Taqvo-gihbjwmnwhgxlkbjkgsqodhmgome/Build/Products/Debug-iphonesimulator/Taqvo.app (in target 'Taqvo' from project 'Taqvo')
    cd /Users/juan_oclock/Documents/ios-mobile/Taqvo
    builtin-swiftStdLibTool --copy --verbose --sign - --scan-executable /Users/juan_oclock/Library/Developer/Xcode/DerivedData/Taqvo-gihbjwmnwhgxlkbjkgsqodhmgome/Build/Products/Debug-iphonesimulator/Taqvo.app/Taqvo.debug.dylib --scan-folder /Users/juan_oclock/Library/Developer/Xcode/DerivedData/Taqvo-gihbjwmnwhgxlkbjkgsqodhmgome/Build/Products/Debug-iphonesimulator/Taqvo.app/Frameworks --scan-folder /Users/juan_oclock/Library/Developer/Xcode/DerivedData/Taqvo-gihbjwmnwhgxlkbjkgsqodhmgome/Build/Products/Debug-iphonesimulator/Taqvo.app/PlugIns --scan-folder /Users/juan_oclock/Library/Developer/Xcode/DerivedData/Taqvo-gihbjwmnwhgxlkbjkgsqodhmgome/Build/Products/Debug-iphonesimulator/Taqvo.app/SystemExtensions --scan-folder /Users/juan_oclock/Library/Developer/Xcode/DerivedData/Taqvo-gihbjwmnwhgxlkbjkgsqodhmgome/Build/Products/Debug-iphonesimulator/Taqvo.app/Extensions --platform iphonesimulator --toolchain /Applications/Xcode.app/Contents/Developer/Toolchains/XcodeDefault.xctoolchain --destination /Users/juan_oclock/Library/Developer/Xcode/DerivedData/Taqvo-gihbjwmnwhgxlkbjkgsqodhmgome/Build/Products/Debug-iphonesimulator/Taqvo.app/Frameworks --strip-bitcode --strip-bitcode-tool /Applications/Xcode.app/Contents/Developer/Toolchains/XcodeDefault.xctoolchain/usr/bin/bitcode_strip --emit-dependency-info /Users/juan_oclock/Library/Developer/Xcode/DerivedData/Taqvo-gihbjwmnwhgxlkbjkgsqodhmgome/Build/Intermediates.noindex/Taqvo.build/Debug-iphonesimulator/Taqvo.build/SwiftStdLibToolInputDependencies.dep --filter-for-swift-os

AppIntentsSSUTraining (in target 'Taqvo' from project 'Taqvo')
    cd /Users/juan_oclock/Documents/ios-mobile/Taqvo
    /Applications/Xcode.app/Contents/Developer/Toolchains/XcodeDefault.xctoolchain/usr/bin/appintentsnltrainingprocessor --infoplist-path /Users/juan_oclock/Library/Developer/Xcode/DerivedData/Taqvo-gihbjwmnwhgxlkbjkgsqodhmgome/Build/Products/Debug-iphonesimulator/Taqvo.app/Info.plist --temp-dir-path /Users/juan_oclock/Library/Developer/Xcode/DerivedData/Taqvo-gihbjwmnwhgxlkbjkgsqodhmgome/Build/Intermediates.noindex/Taqvo.build/Debug-iphonesimulator/Taqvo.build/ssu --bundle-id com.juan-oclock.taqvo.Taqvo --product-path /Users/juan_oclock/Library/Developer/Xcode/DerivedData/Taqvo-gihbjwmnwhgxlkbjkgsqodhmgome/Build/Products/Debug-iphonesimulator/Taqvo.app --extracted-metadata-path /Users/juan_oclock/Library/Developer/Xcode/DerivedData/Taqvo-gihbjwmnwhgxlkbjkgsqodhmgome/Build/Products/Debug-iphonesimulator/Taqvo.app/Metadata.appintents --metadata-file-list /Users/juan_oclock/Library/Developer/Xcode/DerivedData/Taqvo-gihbjwmnwhgxlkbjkgsqodhmgome/Build/Intermediates.noindex/Taqvo.build/Debug-iphonesimulator/Taqvo.build/Taqvo.DependencyMetadataFileList --archive-ssu-assets
2025-10-18 22:10:23.944 appintentsnltrainingprocessor[79979:3447651] Parsing options for appintentsnltrainingprocessor
2025-10-18 22:10:23.944 appintentsnltrainingprocessor[79979:3447651] No AppShortcuts found - Skipping.

CodeSign /Users/juan_oclock/Library/Developer/Xcode/DerivedData/Taqvo-gihbjwmnwhgxlkbjkgsqodhmgome/Build/Products/Debug-iphonesimulator/Taqvo.app/Taqvo.debug.dylib (in target 'Taqvo' from project 'Taqvo')
    cd /Users/juan_oclock/Documents/ios-mobile/Taqvo
    
    Signing Identity:     "Sign to Run Locally"
    
    /usr/bin/codesign --force --sign - --timestamp\=none --generate-entitlement-der /Users/juan_oclock/Library/Developer/Xcode/DerivedData/Taqvo-gihbjwmnwhgxlkbjkgsqodhmgome/Build/Products/Debug-iphonesimulator/Taqvo.app/Taqvo.debug.dylib

CodeSign /Users/juan_oclock/Library/Developer/Xcode/DerivedData/Taqvo-gihbjwmnwhgxlkbjkgsqodhmgome/Build/Products/Debug-iphonesimulator/Taqvo.app/__preview.dylib (in target 'Taqvo' from project 'Taqvo')
    cd /Users/juan_oclock/Documents/ios-mobile/Taqvo
    
    Signing Identity:     "Sign to Run Locally"
    
    /usr/bin/codesign --force --sign - --timestamp\=none --generate-entitlement-der /Users/juan_oclock/Library/Developer/Xcode/DerivedData/Taqvo-gihbjwmnwhgxlkbjkgsqodhmgome/Build/Products/Debug-iphonesimulator/Taqvo.app/__preview.dylib

CodeSign /Users/juan_oclock/Library/Developer/Xcode/DerivedData/Taqvo-gihbjwmnwhgxlkbjkgsqodhmgome/Build/Products/Debug-iphonesimulator/Taqvo.app (in target 'Taqvo' from project 'Taqvo')
    cd /Users/juan_oclock/Documents/ios-mobile/Taqvo
    
    Signing Identity:     "Sign to Run Locally"
    
    /usr/bin/codesign --force --sign - --entitlements /Users/juan_oclock/Library/Developer/Xcode/DerivedData/Taqvo-gihbjwmnwhgxlkbjkgsqodhmgome/Build/Intermediates.noindex/Taqvo.build/Debug-iphonesimulator/Taqvo.build/Taqvo.app.xcent --timestamp\=none --generate-entitlement-der /Users/juan_oclock/Library/Developer/Xcode/DerivedData/Taqvo-gihbjwmnwhgxlkbjkgsqodhmgome/Build/Products/Debug-iphonesimulator/Taqvo.app

RegisterExecutionPolicyException /Users/juan_oclock/Library/Developer/Xcode/DerivedData/Taqvo-gihbjwmnwhgxlkbjkgsqodhmgome/Build/Products/Debug-iphonesimulator/Taqvo.app (in target 'Taqvo' from project 'Taqvo')
    cd /Users/juan_oclock/Documents/ios-mobile/Taqvo
    builtin-RegisterExecutionPolicyException /Users/juan_oclock/Library/Developer/Xcode/DerivedData/Taqvo-gihbjwmnwhgxlkbjkgsqodhmgome/Build/Products/Debug-iphonesimulator/Taqvo.app

Validate /Users/juan_oclock/Library/Developer/Xcode/DerivedData/Taqvo-gihbjwmnwhgxlkbjkgsqodhmgome/Build/Products/Debug-iphonesimulator/Taqvo.app (in target 'Taqvo' from project 'Taqvo')
    cd /Users/juan_oclock/Documents/ios-mobile/Taqvo
    builtin-validationUtility /Users/juan_oclock/Library/Developer/Xcode/DerivedData/Taqvo-gihbjwmnwhgxlkbjkgsqodhmgome/Build/Products/Debug-iphonesimulator/Taqvo.app -infoplist-subpath Info.plist

Touch /Users/juan_oclock/Library/Developer/Xcode/DerivedData/Taqvo-gihbjwmnwhgxlkbjkgsqodhmgome/Build/Products/Debug-iphonesimulator/Taqvo.app (in target 'Taqvo' from project 'Taqvo')
    cd /Users/juan_oclock/Documents/ios-mobile/Taqvo
    /usr/bin/touch -c /Users/juan_oclock/Library/Developer/Xcode/DerivedData/Taqvo-gihbjwmnwhgxlkbjkgsqodhmgome/Build/Products/Debug-iphonesimulator/Taqvo.app

** BUILD SUCCEEDED **

